Using reduced dataset of 800 examples
Using cuda device
==========================================================================================
Layer (type:depth-idx)                   Output Shape              Param #
==========================================================================================
CNN                                      [256, 100]                --
├─Sequential: 1-1                        [256, 1, 128, 128]        --
├─Sequential: 1-2                        [256, 8192]               --
│    └─Sequential: 2-1                   [256, 16, 64, 64]         --
│    │    └─Conv2d: 3-1                  [256, 16, 128, 128]       160
│    │    └─LeakyReLU: 3-2               [256, 16, 128, 128]       --
│    │    └─BatchNorm2d: 3-3             [256, 16, 128, 128]       32
│    │    └─Conv2d: 3-4                  [256, 16, 128, 128]       2,320
│    │    └─LeakyReLU: 3-5               [256, 16, 128, 128]       --
│    │    └─BatchNorm2d: 3-6             [256, 16, 128, 128]       32
│    │    └─MaxPool2d: 3-7               [256, 16, 64, 64]         --
│    └─Sequential: 2-2                   [256, 32, 32, 32]         --
│    │    └─Conv2d: 3-8                  [256, 32, 64, 64]         4,640
│    │    └─LeakyReLU: 3-9               [256, 32, 64, 64]         --
│    │    └─BatchNorm2d: 3-10            [256, 32, 64, 64]         64
│    │    └─Conv2d: 3-11                 [256, 32, 64, 64]         9,248
│    │    └─LeakyReLU: 3-12              [256, 32, 64, 64]         --
│    │    └─BatchNorm2d: 3-13            [256, 32, 64, 64]         64
│    │    └─MaxPool2d: 3-14              [256, 32, 32, 32]         --
│    └─Sequential: 2-3                   [256, 64, 16, 16]         --
│    │    └─Conv2d: 3-15                 [256, 64, 32, 32]         18,496
│    │    └─LeakyReLU: 3-16              [256, 64, 32, 32]         --
│    │    └─BatchNorm2d: 3-17            [256, 64, 32, 32]         128
│    │    └─Conv2d: 3-18                 [256, 64, 32, 32]         36,928
│    │    └─LeakyReLU: 3-19              [256, 64, 32, 32]         --
│    │    └─BatchNorm2d: 3-20            [256, 64, 32, 32]         128
│    │    └─MaxPool2d: 3-21              [256, 64, 16, 16]         --
│    └─Sequential: 2-4                   [256, 128, 8, 8]          --
│    │    └─Conv2d: 3-22                 [256, 128, 16, 16]        73,856
│    │    └─LeakyReLU: 3-23              [256, 128, 16, 16]        --
│    │    └─BatchNorm2d: 3-24            [256, 128, 16, 16]        256
│    │    └─Conv2d: 3-25                 [256, 128, 16, 16]        147,584
│    │    └─LeakyReLU: 3-26              [256, 128, 16, 16]        --
│    │    └─BatchNorm2d: 3-27            [256, 128, 16, 16]        256
│    │    └─MaxPool2d: 3-28              [256, 128, 8, 8]          --
│    └─Flatten: 2-5                      [256, 8192]               --
├─Sequential: 1-3                        [256, 100]                --
│    └─Sequential: 2-6                   [256, 100]                --
│    │    └─Linear: 3-29                 [256, 100]                819,300
│    │    └─LeakyReLU: 3-30              [256, 100]                --
│    │    └─Dropout: 3-31                [256, 100]                --
│    │    └─BatchNorm1d: 3-32            [256, 100]                200
│    └─Linear: 2-7                       [256, 100]                10,100
├─Sigmoid: 1-4                           [256, 100]                --
==========================================================================================
Total params: 1,123,792
Trainable params: 1,123,792
Non-trainable params: 0
Total mult-adds (Units.GIGABYTES): 54.22
==========================================================================================
Input size (MB): 16.78
Forward/backward pass size (MB): 4027.15
Params size (MB): 4.50
Estimated Total Size (MB): 4048.42
==========================================================================================
Training CNN 

Epoch 1
----------------------------
loss: 0.432588 [  256/  800]
Validation Error: 
Accuracy: 49.5%, Avg loss: 0.480351, Positive ratio: 0.000000
Validation loss improved, saving model
Epoch time: 2.54 seconds 

Epoch 2
----------------------------
loss: 0.382733 [  256/  800]
Validation Error: 
Accuracy: 49.5%, Avg loss: 0.469208, Positive ratio: 0.000000
Validation loss improved, saving model
Epoch time: 0.85 seconds 

Epoch 3
----------------------------
loss: 0.369426 [  256/  800]
Validation Error: 
Accuracy: 49.5%, Avg loss: 0.461157, Positive ratio: 0.000000
Validation loss improved, saving model
Epoch time: 0.85 seconds 

Epoch 4
----------------------------
loss: 0.351626 [  256/  800]
Validation Error: 
Accuracy: 49.5%, Avg loss: 0.447888, Positive ratio: 0.000000
Validation loss improved, saving model
Epoch time: 0.85 seconds 

Epoch 5
----------------------------
loss: 0.336590 [  256/  800]
Validation Error: 
Accuracy: 49.5%, Avg loss: 0.422711, Positive ratio: 0.000000
Validation loss improved, saving model
Epoch time: 0.85 seconds 

Epoch 6
----------------------------
loss: 0.321454 [  256/  800]
Validation Error: 
Accuracy: 49.5%, Avg loss: 0.405861, Positive ratio: 0.000000
Validation loss improved, saving model
Epoch time: 0.85 seconds 

Epoch 7
----------------------------
loss: 0.307703 [  256/  800]
Validation Error: 
Accuracy: 49.5%, Avg loss: 0.405347, Positive ratio: 0.000000
Validation loss improved, saving model
Epoch time: 0.85 seconds 

Epoch 8
----------------------------
loss: 0.291516 [  256/  800]
Validation Error: 
Accuracy: 49.5%, Avg loss: 0.396702, Positive ratio: 0.000000
Validation loss improved, saving model
Epoch time: 0.85 seconds 

Epoch 9
----------------------------
loss: 0.277681 [  256/  800]
Validation Error: 
Accuracy: 49.5%, Avg loss: 0.409678, Positive ratio: 0.000000
Epoch time: 0.84 seconds 

Epoch 10
----------------------------
loss: 0.263344 [  256/  800]
Validation Error: 
Accuracy: 49.5%, Avg loss: 0.419057, Positive ratio: 0.000000
Epoch time: 0.84 seconds 

Epoch 11
----------------------------
loss: 0.251110 [  256/  800]
Validation Error: 
Accuracy: 49.5%, Avg loss: 0.431149, Positive ratio: 0.000000
Epoch time: 0.84 seconds 

Epoch 12
----------------------------
loss: 0.238385 [  256/  800]
Validation Error: 
Accuracy: 49.5%, Avg loss: 0.403508, Positive ratio: 0.000000
Epoch time: 0.84 seconds 

Epoch 13
----------------------------
loss: 0.226014 [  256/  800]
Validation Error: 
Accuracy: 49.5%, Avg loss: 0.425969, Positive ratio: 0.000000
Epoch time: 0.84 seconds 

Epoch 14
----------------------------
loss: 0.211258 [  256/  800]
Validation Error: 
Accuracy: 49.5%, Avg loss: 0.405995, Positive ratio: 0.000000
Epoch time: 0.85 seconds 

Epoch 15
----------------------------
loss: 0.200539 [  256/  800]
Validation Error: 
Accuracy: 49.5%, Avg loss: 0.446088, Positive ratio: 0.000000
Epoch time: 0.85 seconds 

Epoch 16
----------------------------
loss: 0.198553 [  256/  800]
Validation Error: 
Accuracy: 49.5%, Avg loss: 0.469713, Positive ratio: 0.000000
Epoch time: 0.85 seconds 

Epoch 17
----------------------------
loss: 0.184288 [  256/  800]
Validation Error: 
Accuracy: 49.5%, Avg loss: 0.446643, Positive ratio: 0.000000
Epoch time: 0.84 seconds 

Epoch 18
----------------------------
loss: 0.189419 [  256/  800]
Validation Error: 
Accuracy: 49.5%, Avg loss: 0.402678, Positive ratio: 0.000000
Epoch time: 0.85 seconds 

Epoch 19
----------------------------
loss: 0.175393 [  256/  800]
Validation Error: 
Accuracy: 49.5%, Avg loss: 0.412421, Positive ratio: 0.000000
Epoch time: 0.85 seconds 

Epoch 20
----------------------------
loss: 0.178783 [  256/  800]
Validation Error: 
Accuracy: 49.5%, Avg loss: 0.415533, Positive ratio: 0.000000
Epoch time: 0.85 seconds 

Epoch 21
----------------------------
loss: 0.164388 [  256/  800]
Validation Error: 
Accuracy: 49.5%, Avg loss: 0.413273, Positive ratio: 0.000000
Epoch time: 0.85 seconds 

Epoch 22
----------------------------
loss: 0.165227 [  256/  800]
Validation Error: 
Accuracy: 49.5%, Avg loss: 0.404749, Positive ratio: 0.000000
Epoch time: 0.85 seconds 

Epoch 23
----------------------------
loss: 0.150197 [  256/  800]
Validation Error: 
Accuracy: 49.5%, Avg loss: 0.389340, Positive ratio: 0.000000
Validation loss improved, saving model
Epoch time: 0.85 seconds 

Epoch 24
----------------------------
loss: 0.154996 [  256/  800]
Validation Error: 
Accuracy: 49.5%, Avg loss: 0.375662, Positive ratio: 0.000000
Validation loss improved, saving model
Epoch time: 0.85 seconds 

Epoch 25
----------------------------
loss: 0.159013 [  256/  800]
Validation Error: 
Accuracy: 49.5%, Avg loss: 0.367004, Positive ratio: 0.000000
Validation loss improved, saving model
Epoch time: 0.85 seconds 

Epoch 26
----------------------------
loss: 0.164596 [  256/  800]
Validation Error: 
Accuracy: 54.7%, Avg loss: 0.334269, Positive ratio: 0.052000
Validation loss improved, saving model
Epoch time: 0.85 seconds 

Epoch 27
----------------------------
loss: 0.157427 [  256/  800]
Validation Error: 
Accuracy: 72.8%, Avg loss: 0.251286, Positive ratio: 0.233000
Validation loss improved, saving model
Epoch time: 0.85 seconds 

Epoch 28
----------------------------
loss: 0.159031 [  256/  800]
Validation Error: 
Accuracy: 86.8%, Avg loss: 0.184549, Positive ratio: 0.373000
Validation loss improved, saving model
Epoch time: 0.86 seconds 

Epoch 29
----------------------------
loss: 0.158464 [  256/  800]
Validation Error: 
Accuracy: 86.1%, Avg loss: 0.174397, Positive ratio: 0.366000
Validation loss improved, saving model
Epoch time: 0.85 seconds 

Epoch 30
----------------------------
loss: 0.158164 [  256/  800]
Validation Error: 
Accuracy: 91.9%, Avg loss: 0.130023, Positive ratio: 0.424000
Validation loss improved, saving model
Epoch time: 0.85 seconds 

Epoch 31
----------------------------
loss: 0.149731 [  256/  800]
Validation Error: 
Accuracy: 94.9%, Avg loss: 0.103541, Positive ratio: 0.454000
Validation loss improved, saving model
Epoch time: 0.85 seconds 

Epoch 32
----------------------------
loss: 0.154285 [  256/  800]
Validation Error: 
Accuracy: 96.0%, Avg loss: 0.091924, Positive ratio: 0.465000
Validation loss improved, saving model
Epoch time: 0.85 seconds 

Epoch 33
----------------------------
loss: 0.146866 [  256/  800]
Validation Error: 
Accuracy: 96.0%, Avg loss: 0.085907, Positive ratio: 0.465000
Validation loss improved, saving model
Epoch time: 0.85 seconds 

Epoch 34
----------------------------
loss: 0.155273 [  256/  800]
Validation Error: 
Accuracy: 97.2%, Avg loss: 0.073428, Positive ratio: 0.481000
Validation loss improved, saving model
Epoch time: 0.85 seconds 

Epoch 35
----------------------------
loss: 0.154802 [  256/  800]
Validation Error: 
Accuracy: 98.0%, Avg loss: 0.066926, Positive ratio: 0.495000
Validation loss improved, saving model
Epoch time: 0.85 seconds 

Epoch 36
----------------------------
loss: 0.151654 [  256/  800]
Validation Error: 
Accuracy: 98.0%, Avg loss: 0.065729, Positive ratio: 0.499000
Validation loss improved, saving model
Epoch time: 0.85 seconds 

Epoch 37
----------------------------
loss: 0.149964 [  256/  800]
Validation Error: 
Accuracy: 96.5%, Avg loss: 0.068604, Positive ratio: 0.472000
Epoch time: 0.84 seconds 

Epoch 38
----------------------------
loss: 0.150170 [  256/  800]
Validation Error: 
Accuracy: 97.8%, Avg loss: 0.060989, Positive ratio: 0.491000
Validation loss improved, saving model
Epoch time: 0.85 seconds 

Epoch 39
----------------------------
loss: 0.157562 [  256/  800]
Validation Error: 
Accuracy: 97.7%, Avg loss: 0.060700, Positive ratio: 0.490000
Validation loss improved, saving model
Epoch time: 0.85 seconds 

Epoch 40
----------------------------
loss: 0.154325 [  256/  800]
Validation Error: 
Accuracy: 97.2%, Avg loss: 0.065937, Positive ratio: 0.481000
Epoch time: 0.85 seconds 

Epoch 41
----------------------------
loss: 0.156692 [  256/  800]
Validation Error: 
Accuracy: 98.2%, Avg loss: 0.069748, Positive ratio: 0.513000
Epoch time: 0.84 seconds 

Epoch 42
----------------------------
loss: 0.149162 [  256/  800]
Validation Error: 
Accuracy: 97.1%, Avg loss: 0.071426, Positive ratio: 0.528000
Epoch time: 0.84 seconds 

Epoch 43
----------------------------
loss: 0.146942 [  256/  800]
Validation Error: 
Accuracy: 97.5%, Avg loss: 0.062504, Positive ratio: 0.498000
Epoch time: 0.85 seconds 

Epoch 44
----------------------------
loss: 0.144745 [  256/  800]
Validation Error: 
Accuracy: 97.1%, Avg loss: 0.063901, Positive ratio: 0.480000
Epoch time: 0.85 seconds 

Epoch 45
----------------------------
loss: 0.149565 [  256/  800]
Validation Error: 
Accuracy: 96.4%, Avg loss: 0.067377, Positive ratio: 0.471000
Epoch time: 0.85 seconds 

Epoch 46
----------------------------
loss: 0.152676 [  256/  800]
Validation Error: 
Accuracy: 97.4%, Avg loss: 0.054524, Positive ratio: 0.499000
Validation loss improved, saving model
Epoch time: 0.85 seconds 

Epoch 47
----------------------------
loss: 0.146351 [  256/  800]
Validation Error: 
Accuracy: 97.3%, Avg loss: 0.057339, Positive ratio: 0.486000
Epoch time: 0.85 seconds 

Epoch 48
----------------------------
loss: 0.149360 [  256/  800]
Validation Error: 
Accuracy: 97.7%, Avg loss: 0.060979, Positive ratio: 0.500000
Epoch time: 0.85 seconds 

Epoch 49
----------------------------
loss: 0.147845 [  256/  800]
Validation Error: 
Accuracy: 96.6%, Avg loss: 0.066634, Positive ratio: 0.533000
Epoch time: 0.85 seconds 

Epoch 50
----------------------------
loss: 0.145309 [  256/  800]
Validation Error: 
Accuracy: 97.5%, Avg loss: 0.054578, Positive ratio: 0.518000
Epoch time: 0.84 seconds 

Epoch 51
----------------------------
loss: 0.147750 [  256/  800]
Validation Error: 
Accuracy: 98.1%, Avg loss: 0.057402, Positive ratio: 0.502000
Epoch time: 0.84 seconds 

Epoch 52
----------------------------
loss: 0.143572 [  256/  800]
Validation Error: 
Accuracy: 98.0%, Avg loss: 0.053173, Positive ratio: 0.495000
Validation loss improved, saving model
Epoch time: 0.85 seconds 

Epoch 53
----------------------------
loss: 0.146408 [  256/  800]
Validation Error: 
Accuracy: 97.9%, Avg loss: 0.051683, Positive ratio: 0.516000
Validation loss improved, saving model
Epoch time: 0.85 seconds 

Epoch 54
----------------------------
loss: 0.142180 [  256/  800]
Validation Error: 
Accuracy: 95.9%, Avg loss: 0.072521, Positive ratio: 0.546000
Epoch time: 0.85 seconds 

Epoch 55
----------------------------
loss: 0.151437 [  256/  800]
Validation Error: 
Accuracy: 98.1%, Avg loss: 0.064757, Positive ratio: 0.508000
Epoch time: 0.85 seconds 

Epoch 56
----------------------------
loss: 0.141084 [  256/  800]
Validation Error: 
Accuracy: 96.0%, Avg loss: 0.056322, Positive ratio: 0.469000
Epoch time: 0.85 seconds 

Epoch 57
----------------------------
loss: 0.137730 [  256/  800]
Validation Error: 
Accuracy: 97.2%, Avg loss: 0.053369, Positive ratio: 0.527000
Epoch time: 0.85 seconds 

Epoch 58
----------------------------
loss: 0.145140 [  256/  800]
Validation Error: 
Accuracy: 97.6%, Avg loss: 0.053231, Positive ratio: 0.521000
Epoch time: 0.85 seconds 

Epoch 59
----------------------------
loss: 0.135133 [  256/  800]
Validation Error: 
Accuracy: 97.5%, Avg loss: 0.051527, Positive ratio: 0.520000
Validation loss improved, saving model
Epoch time: 0.85 seconds 

Epoch 60
----------------------------
loss: 0.141340 [  256/  800]
Validation Error: 
Accuracy: 97.7%, Avg loss: 0.059572, Positive ratio: 0.510000
Epoch time: 0.84 seconds 

Epoch 61
----------------------------
loss: 0.135434 [  256/  800]
Validation Error: 
Accuracy: 97.3%, Avg loss: 0.062089, Positive ratio: 0.488000
Epoch time: 0.85 seconds 

Epoch 62
----------------------------
loss: 0.143846 [  256/  800]
Validation Error: 
Accuracy: 96.5%, Avg loss: 0.061756, Positive ratio: 0.536000
Epoch time: 0.84 seconds 

Epoch 63
----------------------------
loss: 0.141111 [  256/  800]
Validation Error: 
Accuracy: 97.3%, Avg loss: 0.052383, Positive ratio: 0.482000
Epoch time: 0.85 seconds 

Epoch 64
----------------------------
loss: 0.132675 [  256/  800]
Validation Error: 
Accuracy: 96.7%, Avg loss: 0.061724, Positive ratio: 0.474000
Epoch time: 0.85 seconds 

Epoch 65
----------------------------
loss: 0.136159 [  256/  800]
Validation Error: 
Accuracy: 97.3%, Avg loss: 0.070710, Positive ratio: 0.516000
Epoch time: 0.85 seconds 

Epoch 66
----------------------------
loss: 0.138070 [  256/  800]
Validation Error: 
Accuracy: 97.2%, Avg loss: 0.064353, Positive ratio: 0.513000
Epoch time: 0.84 seconds 

Epoch 67
----------------------------
loss: 0.135165 [  256/  800]
Validation Error: 
Accuracy: 97.4%, Avg loss: 0.076224, Positive ratio: 0.493000
Epoch time: 0.85 seconds 

Epoch 68
----------------------------
loss: 0.126972 [  256/  800]
Validation Error: 
Accuracy: 96.7%, Avg loss: 0.075289, Positive ratio: 0.474000
Epoch time: 0.85 seconds 

Epoch 69
----------------------------
loss: 0.131438 [  256/  800]
Validation Error: 
Accuracy: 97.2%, Avg loss: 0.050010, Positive ratio: 0.527000
Validation loss improved, saving model
Epoch time: 0.85 seconds 

Epoch 70
----------------------------
loss: 0.127901 [  256/  800]
Validation Error: 
Accuracy: 95.4%, Avg loss: 0.068077, Positive ratio: 0.551000
Epoch time: 0.85 seconds 

Epoch 71
----------------------------
loss: 0.138726 [  256/  800]
Validation Error: 
Accuracy: 96.8%, Avg loss: 0.050530, Positive ratio: 0.479000
Epoch time: 0.85 seconds 

Epoch 72
----------------------------
loss: 0.129991 [  256/  800]
Validation Error: 
Accuracy: 98.0%, Avg loss: 0.040744, Positive ratio: 0.509000
Validation loss improved, saving model
Epoch time: 0.85 seconds 

Epoch 73
----------------------------
loss: 0.132656 [  256/  800]
Validation Error: 
Accuracy: 97.3%, Avg loss: 0.057030, Positive ratio: 0.526000
Epoch time: 0.85 seconds 

Epoch 74
----------------------------
loss: 0.133175 [  256/  800]
Validation Error: 
Accuracy: 95.1%, Avg loss: 0.060380, Positive ratio: 0.554000
Epoch time: 0.84 seconds 

Epoch 75
----------------------------
loss: 0.129045 [  256/  800]
Validation Error: 
Accuracy: 97.6%, Avg loss: 0.044036, Positive ratio: 0.521000
Epoch time: 0.84 seconds 

Epoch 76
----------------------------
loss: 0.128532 [  256/  800]
Validation Error: 
Accuracy: 97.1%, Avg loss: 0.062695, Positive ratio: 0.488000
Epoch time: 0.84 seconds 

Epoch 77
----------------------------
loss: 0.124275 [  256/  800]
Validation Error: 
Accuracy: 96.1%, Avg loss: 0.060493, Positive ratio: 0.538000
Epoch time: 0.85 seconds 

Epoch 78
----------------------------
loss: 0.126219 [  256/  800]
Validation Error: 
Accuracy: 97.1%, Avg loss: 0.046229, Positive ratio: 0.528000
Epoch time: 0.84 seconds 

Epoch 79
----------------------------
loss: 0.121552 [  256/  800]
Validation Error: 
Accuracy: 97.9%, Avg loss: 0.044694, Positive ratio: 0.512000
Epoch time: 0.84 seconds 

Epoch 80
----------------------------
loss: 0.127727 [  256/  800]
Validation Error: 
Accuracy: 97.0%, Avg loss: 0.055278, Positive ratio: 0.529000
Epoch time: 0.85 seconds 

Epoch 81
----------------------------
loss: 0.126333 [  256/  800]
Validation Error: 
Accuracy: 97.4%, Avg loss: 0.047125, Positive ratio: 0.489000
Epoch time: 0.85 seconds 

Epoch 82
----------------------------
loss: 0.130150 [  256/  800]
Validation Error: 
Accuracy: 96.1%, Avg loss: 0.115189, Positive ratio: 0.482000
Epoch time: 0.85 seconds 

Epoch 83
----------------------------
loss: 0.124903 [  256/  800]
Validation Error: 
Accuracy: 97.3%, Avg loss: 0.047797, Positive ratio: 0.486000
Epoch time: 0.85 seconds 

Epoch 84
----------------------------
loss: 0.117961 [  256/  800]
Validation Error: 
Accuracy: 97.4%, Avg loss: 0.044694, Positive ratio: 0.489000
Epoch time: 0.85 seconds 

Epoch 85
----------------------------
loss: 0.125973 [  256/  800]
Validation Error: 
Accuracy: 97.8%, Avg loss: 0.042492, Positive ratio: 0.495000
Epoch time: 0.85 seconds 

Epoch 86
----------------------------
loss: 0.130338 [  256/  800]
Validation Error: 
Accuracy: 97.6%, Avg loss: 0.042128, Positive ratio: 0.509000
Epoch time: 0.85 seconds 

Epoch 87
----------------------------
loss: 0.124530 [  256/  800]
Validation Error: 
Accuracy: 97.4%, Avg loss: 0.043336, Positive ratio: 0.519000
Epoch time: 0.84 seconds 

Epoch 88
----------------------------
loss: 0.124923 [  256/  800]
Validation Error: 
Accuracy: 97.1%, Avg loss: 0.044621, Positive ratio: 0.522000
Epoch time: 0.84 seconds 

Epoch 89
----------------------------
loss: 0.119549 [  256/  800]
Validation Error: 
Accuracy: 97.2%, Avg loss: 0.042957, Positive ratio: 0.521000
Epoch time: 0.85 seconds 

Epoch 90
----------------------------
loss: 0.129179 [  256/  800]
Validation Error: 
Accuracy: 97.6%, Avg loss: 0.041055, Positive ratio: 0.511000
Epoch time: 0.85 seconds 

Epoch 91
----------------------------
loss: 0.122040 [  256/  800]
Validation Error: 
Accuracy: 97.8%, Avg loss: 0.041061, Positive ratio: 0.501000
Epoch time: 0.85 seconds 

Epoch 92
----------------------------
loss: 0.122550 [  256/  800]
Validation Error: 
Accuracy: 98.0%, Avg loss: 0.041750, Positive ratio: 0.497000
Early stopping with minimum validation loss of 0.04074425083398819, max accuracy of 0.98
Done! Total training time: 1 minutes, 19.73 seconds, average epoch time: 0.08 seconds
