Using reduced dataset of 2000 examples
Using cuda device
==========================================================================================
Layer (type:depth-idx)                   Output Shape              Param #
==========================================================================================
CNN                                      [256, 100]                --
├─Sequential: 1-1                        [256, 1, 128, 128]        --
├─Sequential: 1-2                        [256, 8192]               --
│    └─Sequential: 2-1                   [256, 16, 64, 64]         --
│    │    └─Conv2d: 3-1                  [256, 16, 128, 128]       160
│    │    └─LeakyReLU: 3-2               [256, 16, 128, 128]       --
│    │    └─BatchNorm2d: 3-3             [256, 16, 128, 128]       32
│    │    └─Conv2d: 3-4                  [256, 16, 128, 128]       2,320
│    │    └─LeakyReLU: 3-5               [256, 16, 128, 128]       --
│    │    └─BatchNorm2d: 3-6             [256, 16, 128, 128]       32
│    │    └─MaxPool2d: 3-7               [256, 16, 64, 64]         --
│    └─Sequential: 2-2                   [256, 32, 32, 32]         --
│    │    └─Conv2d: 3-8                  [256, 32, 64, 64]         4,640
│    │    └─LeakyReLU: 3-9               [256, 32, 64, 64]         --
│    │    └─BatchNorm2d: 3-10            [256, 32, 64, 64]         64
│    │    └─Conv2d: 3-11                 [256, 32, 64, 64]         9,248
│    │    └─LeakyReLU: 3-12              [256, 32, 64, 64]         --
│    │    └─BatchNorm2d: 3-13            [256, 32, 64, 64]         64
│    │    └─MaxPool2d: 3-14              [256, 32, 32, 32]         --
│    └─Sequential: 2-3                   [256, 64, 16, 16]         --
│    │    └─Conv2d: 3-15                 [256, 64, 32, 32]         18,496
│    │    └─LeakyReLU: 3-16              [256, 64, 32, 32]         --
│    │    └─BatchNorm2d: 3-17            [256, 64, 32, 32]         128
│    │    └─Conv2d: 3-18                 [256, 64, 32, 32]         36,928
│    │    └─LeakyReLU: 3-19              [256, 64, 32, 32]         --
│    │    └─BatchNorm2d: 3-20            [256, 64, 32, 32]         128
│    │    └─MaxPool2d: 3-21              [256, 64, 16, 16]         --
│    └─Sequential: 2-4                   [256, 128, 8, 8]          --
│    │    └─Conv2d: 3-22                 [256, 128, 16, 16]        73,856
│    │    └─LeakyReLU: 3-23              [256, 128, 16, 16]        --
│    │    └─BatchNorm2d: 3-24            [256, 128, 16, 16]        256
│    │    └─Conv2d: 3-25                 [256, 128, 16, 16]        147,584
│    │    └─LeakyReLU: 3-26              [256, 128, 16, 16]        --
│    │    └─BatchNorm2d: 3-27            [256, 128, 16, 16]        256
│    │    └─MaxPool2d: 3-28              [256, 128, 8, 8]          --
│    └─Flatten: 2-5                      [256, 8192]               --
├─Sequential: 1-3                        [256, 100]                --
│    └─Sequential: 2-6                   [256, 100]                --
│    │    └─Linear: 3-29                 [256, 100]                819,300
│    │    └─LeakyReLU: 3-30              [256, 100]                --
│    │    └─Dropout: 3-31                [256, 100]                --
│    │    └─BatchNorm1d: 3-32            [256, 100]                200
│    └─Linear: 2-7                       [256, 100]                10,100
├─Sigmoid: 1-4                           [256, 100]                --
==========================================================================================
Total params: 1,123,792
Trainable params: 1,123,792
Non-trainable params: 0
Total mult-adds (Units.GIGABYTES): 54.22
==========================================================================================
Input size (MB): 16.78
Forward/backward pass size (MB): 4027.15
Params size (MB): 4.50
Estimated Total Size (MB): 4048.42
==========================================================================================
Training CNN 

Epoch 1
----------------------------
loss: 0.430375 [  256/ 2000]
loss: 0.381283 [ 1280/ 2000]
Validation Error: 
Accuracy: 49.5%, Avg loss: 0.465258, Positive ratio: 0.000000
Validation loss improved, saving model
Epoch time: 3.14 seconds 

Epoch 2
----------------------------
loss: 0.368170 [  256/ 2000]
loss: 0.351188 [ 1280/ 2000]
Validation Error: 
Accuracy: 49.5%, Avg loss: 0.458085, Positive ratio: 0.000000
Validation loss improved, saving model
Epoch time: 1.46 seconds 

Epoch 3
----------------------------
loss: 0.335764 [  256/ 2000]
loss: 0.321349 [ 1280/ 2000]
Validation Error: 
Accuracy: 49.8%, Avg loss: 0.455287, Positive ratio: 0.003000
Validation loss improved, saving model
Epoch time: 1.46 seconds 

Epoch 4
----------------------------
loss: 0.308468 [  256/ 2000]
loss: 0.297866 [ 1280/ 2000]
Validation Error: 
Accuracy: 52.2%, Avg loss: 0.447223, Positive ratio: 0.027000
Validation loss improved, saving model
Epoch time: 1.47 seconds 

Epoch 5
----------------------------
loss: 0.286826 [  256/ 2000]
loss: 0.273879 [ 1280/ 2000]
Validation Error: 
Accuracy: 49.5%, Avg loss: 0.410431, Positive ratio: 0.000000
Validation loss improved, saving model
Epoch time: 1.47 seconds 

Epoch 6
----------------------------
loss: 0.266949 [  256/ 2000]
loss: 0.255500 [ 1280/ 2000]
Validation Error: 
Accuracy: 49.5%, Avg loss: 0.390725, Positive ratio: 0.000000
Validation loss improved, saving model
Epoch time: 1.46 seconds 

Epoch 7
----------------------------
loss: 0.241576 [  256/ 2000]
loss: 0.229593 [ 1280/ 2000]
Validation Error: 
Accuracy: 49.5%, Avg loss: 0.379063, Positive ratio: 0.000000
Validation loss improved, saving model
Epoch time: 1.47 seconds 

Epoch 8
----------------------------
loss: 0.222613 [  256/ 2000]
loss: 0.196283 [ 1280/ 2000]
Validation Error: 
Accuracy: 60.9%, Avg loss: 0.329668, Positive ratio: 0.114000
Validation loss improved, saving model
Epoch time: 1.47 seconds 

Epoch 9
----------------------------
loss: 0.190813 [  256/ 2000]
loss: 0.185156 [ 1280/ 2000]
Validation Error: 
Accuracy: 58.9%, Avg loss: 0.307862, Positive ratio: 0.320000
Validation loss improved, saving model
Epoch time: 1.47 seconds 

Epoch 10
----------------------------
loss: 0.181345 [  256/ 2000]
loss: 0.168674 [ 1280/ 2000]
Validation Error: 
Accuracy: 52.7%, Avg loss: 0.269261, Positive ratio: 0.032000
Validation loss improved, saving model
Epoch time: 1.46 seconds 

Epoch 11
----------------------------
loss: 0.173868 [  256/ 2000]
loss: 0.163826 [ 1280/ 2000]
Validation Error: 
Accuracy: 73.6%, Avg loss: 0.230518, Positive ratio: 0.241000
Validation loss improved, saving model
Epoch time: 1.46 seconds 

Epoch 12
----------------------------
loss: 0.162590 [  256/ 2000]
loss: 0.158184 [ 1280/ 2000]
Validation Error: 
Accuracy: 87.5%, Avg loss: 0.134140, Positive ratio: 0.380000
Validation loss improved, saving model
Epoch time: 1.46 seconds 

Epoch 13
----------------------------
loss: 0.151946 [  256/ 2000]
loss: 0.154397 [ 1280/ 2000]
Validation Error: 
Accuracy: 95.5%, Avg loss: 0.125503, Positive ratio: 0.460000
Validation loss improved, saving model
Epoch time: 1.47 seconds 

Epoch 14
----------------------------
loss: 0.145114 [  256/ 2000]
loss: 0.141916 [ 1280/ 2000]
Validation Error: 
Accuracy: 67.1%, Avg loss: 0.282398, Positive ratio: 0.222000
Epoch time: 1.45 seconds 

Epoch 15
----------------------------
loss: 0.138552 [  256/ 2000]
loss: 0.146131 [ 1280/ 2000]
Validation Error: 
Accuracy: 49.5%, Avg loss: 0.342540, Positive ratio: 0.000000
Epoch time: 1.46 seconds 

Epoch 16
----------------------------
loss: 0.145289 [  256/ 2000]
loss: 0.150096 [ 1280/ 2000]
Validation Error: 
Accuracy: 71.4%, Avg loss: 0.212045, Positive ratio: 0.219000
Epoch time: 1.46 seconds 

Epoch 17
----------------------------
loss: 0.137246 [  256/ 2000]
loss: 0.142886 [ 1280/ 2000]
Validation Error: 
Accuracy: 52.2%, Avg loss: 0.277046, Positive ratio: 0.189000
Epoch time: 1.46 seconds 

Epoch 18
----------------------------
loss: 0.159435 [  256/ 2000]
loss: 0.142656 [ 1280/ 2000]
Validation Error: 
Accuracy: 55.1%, Avg loss: 0.336179, Positive ratio: 0.068000
Epoch time: 1.46 seconds 

Epoch 19
----------------------------
loss: 0.136184 [  256/ 2000]
loss: 0.128420 [ 1280/ 2000]
Validation Error: 
Accuracy: 52.6%, Avg loss: 0.366675, Positive ratio: 0.049000
Epoch time: 1.45 seconds 

Epoch 20
----------------------------
loss: 0.169948 [  256/ 2000]
loss: 0.148994 [ 1280/ 2000]
Validation Error: 
Accuracy: 51.1%, Avg loss: 0.386331, Positive ratio: 0.016000
Epoch time: 1.46 seconds 

Epoch 21
----------------------------
loss: 0.146649 [  256/ 2000]
loss: 0.142733 [ 1280/ 2000]
Validation Error: 
Accuracy: 58.0%, Avg loss: 0.329334, Positive ratio: 0.085000
Epoch time: 1.46 seconds 

Epoch 22
----------------------------
loss: 0.131492 [  256/ 2000]
loss: 0.131676 [ 1280/ 2000]
Validation Error: 
Accuracy: 97.1%, Avg loss: 0.051487, Positive ratio: 0.518000
Validation loss improved, saving model
Epoch time: 1.46 seconds 

Epoch 23
----------------------------
loss: 0.136745 [  256/ 2000]
loss: 0.145417 [ 1280/ 2000]
Validation Error: 
Accuracy: 81.4%, Avg loss: 0.171077, Positive ratio: 0.691000
Epoch time: 1.45 seconds 

Epoch 24
----------------------------
loss: 0.134025 [  256/ 2000]
loss: 0.138396 [ 1280/ 2000]
Validation Error: 
Accuracy: 54.3%, Avg loss: 0.275345, Positive ratio: 0.898000
Epoch time: 1.46 seconds 

Epoch 25
----------------------------
loss: 0.136046 [  256/ 2000]
loss: 0.127271 [ 1280/ 2000]
Validation Error: 
Accuracy: 80.2%, Avg loss: 0.179514, Positive ratio: 0.703000
Epoch time: 1.46 seconds 

Epoch 26
----------------------------
loss: 0.131718 [  256/ 2000]
loss: 0.122670 [ 1280/ 2000]
Validation Error: 
Accuracy: 88.8%, Avg loss: 0.131553, Positive ratio: 0.393000
Epoch time: 1.46 seconds 

Epoch 27
----------------------------
loss: 0.130322 [  256/ 2000]
loss: 0.133205 [ 1280/ 2000]
Validation Error: 
Accuracy: 81.4%, Avg loss: 0.172933, Positive ratio: 0.319000
Epoch time: 1.46 seconds 

Epoch 28
----------------------------
loss: 0.123354 [  256/ 2000]
loss: 0.133250 [ 1280/ 2000]
Validation Error: 
Accuracy: 88.4%, Avg loss: 0.163230, Positive ratio: 0.389000
Epoch time: 1.46 seconds 

Epoch 29
----------------------------
loss: 0.130611 [  256/ 2000]
loss: 0.126188 [ 1280/ 2000]
Validation Error: 
Accuracy: 92.5%, Avg loss: 0.118763, Positive ratio: 0.570000
Epoch time: 1.46 seconds 

Epoch 30
----------------------------
loss: 0.129898 [  256/ 2000]
loss: 0.140638 [ 1280/ 2000]
Validation Error: 
Accuracy: 49.5%, Avg loss: 0.395159, Positive ratio: 0.000000
Epoch time: 1.46 seconds 

Epoch 31
----------------------------
loss: 0.122527 [  256/ 2000]
loss: 0.130905 [ 1280/ 2000]
Validation Error: 
Accuracy: 49.5%, Avg loss: 0.381765, Positive ratio: 0.000000
Epoch time: 1.46 seconds 

Epoch 32
----------------------------
loss: 0.114616 [  256/ 2000]
loss: 0.131525 [ 1280/ 2000]
Validation Error: 
Accuracy: 63.7%, Avg loss: 0.235306, Positive ratio: 0.144000
Epoch time: 1.46 seconds 

Epoch 33
----------------------------
loss: 0.115954 [  256/ 2000]
loss: 0.108019 [ 1280/ 2000]
Validation Error: 
Accuracy: 88.2%, Avg loss: 0.173722, Positive ratio: 0.557000
Epoch time: 1.45 seconds 

Epoch 34
----------------------------
loss: 0.113315 [  256/ 2000]
loss: 0.119289 [ 1280/ 2000]
Validation Error: 
Accuracy: 95.7%, Avg loss: 0.045038, Positive ratio: 0.464000
Validation loss improved, saving model
Epoch time: 1.47 seconds 

Epoch 35
----------------------------
loss: 0.123500 [  256/ 2000]
loss: 0.115282 [ 1280/ 2000]
Validation Error: 
Accuracy: 96.6%, Avg loss: 0.032025, Positive ratio: 0.473000
Validation loss improved, saving model
Epoch time: 1.46 seconds 

Epoch 36
----------------------------
loss: 0.115906 [  256/ 2000]
loss: 0.111184 [ 1280/ 2000]
Validation Error: 
Accuracy: 94.5%, Avg loss: 0.045507, Positive ratio: 0.560000
Epoch time: 1.45 seconds 

Epoch 37
----------------------------
loss: 0.117157 [  256/ 2000]
loss: 0.108509 [ 1280/ 2000]
Validation Error: 
Accuracy: 97.1%, Avg loss: 0.031310, Positive ratio: 0.476000
Validation loss improved, saving model
Epoch time: 1.47 seconds 

Epoch 38
----------------------------
loss: 0.115792 [  256/ 2000]
loss: 0.115587 [ 1280/ 2000]
Validation Error: 
Accuracy: 98.1%, Avg loss: 0.022351, Positive ratio: 0.496000
Validation loss improved, saving model
Epoch time: 1.46 seconds 

Epoch 39
----------------------------
loss: 0.113966 [  256/ 2000]
loss: 0.110148 [ 1280/ 2000]
Validation Error: 
Accuracy: 96.8%, Avg loss: 0.031116, Positive ratio: 0.535000
Epoch time: 1.46 seconds 

Epoch 40
----------------------------
loss: 0.107120 [  256/ 2000]
loss: 0.106882 [ 1280/ 2000]
Validation Error: 
Accuracy: 93.5%, Avg loss: 0.062939, Positive ratio: 0.440000
Epoch time: 1.46 seconds 

Epoch 41
----------------------------
loss: 0.113004 [  256/ 2000]
loss: 0.107404 [ 1280/ 2000]
Validation Error: 
Accuracy: 95.2%, Avg loss: 0.039769, Positive ratio: 0.553000
Epoch time: 1.46 seconds 

Epoch 42
----------------------------
loss: 0.116507 [  256/ 2000]
loss: 0.107655 [ 1280/ 2000]
Validation Error: 
Accuracy: 95.6%, Avg loss: 0.038661, Positive ratio: 0.549000
Epoch time: 1.46 seconds 

Epoch 43
----------------------------
loss: 0.115972 [  256/ 2000]
loss: 0.099923 [ 1280/ 2000]
Validation Error: 
Accuracy: 94.9%, Avg loss: 0.045983, Positive ratio: 0.454000
Epoch time: 1.46 seconds 

Epoch 44
----------------------------
loss: 0.107618 [  256/ 2000]
loss: 0.104348 [ 1280/ 2000]
Validation Error: 
Accuracy: 98.2%, Avg loss: 0.019824, Positive ratio: 0.517000
Validation loss improved, saving model
Epoch time: 1.47 seconds 

Epoch 45
----------------------------
loss: 0.109338 [  256/ 2000]
loss: 0.108009 [ 1280/ 2000]
Validation Error: 
Accuracy: 97.9%, Avg loss: 0.020052, Positive ratio: 0.516000
Epoch time: 1.46 seconds 

Epoch 46
----------------------------
loss: 0.113109 [  256/ 2000]
loss: 0.112790 [ 1280/ 2000]
Validation Error: 
Accuracy: 97.5%, Avg loss: 0.021641, Positive ratio: 0.492000
Epoch time: 1.47 seconds 

Epoch 47
----------------------------
loss: 0.120333 [  256/ 2000]
loss: 0.113096 [ 1280/ 2000]
Validation Error: 
Accuracy: 97.6%, Avg loss: 0.022143, Positive ratio: 0.521000
Epoch time: 1.46 seconds 

Epoch 48
----------------------------
loss: 0.111065 [  256/ 2000]
loss: 0.101370 [ 1280/ 2000]
Validation Error: 
Accuracy: 97.5%, Avg loss: 0.028269, Positive ratio: 0.480000
Epoch time: 1.46 seconds 

Epoch 49
----------------------------
loss: 0.109995 [  256/ 2000]
loss: 0.102282 [ 1280/ 2000]
Validation Error: 
Accuracy: 93.2%, Avg loss: 0.053684, Positive ratio: 0.573000
Epoch time: 1.46 seconds 

Epoch 50
----------------------------
loss: 0.110554 [  256/ 2000]
loss: 0.104906 [ 1280/ 2000]
Validation Error: 
Accuracy: 98.1%, Avg loss: 0.021385, Positive ratio: 0.504000
Epoch time: 1.46 seconds 

Epoch 51
----------------------------
loss: 0.103641 [  256/ 2000]
loss: 0.106406 [ 1280/ 2000]
Validation Error: 
Accuracy: 97.9%, Avg loss: 0.020098, Positive ratio: 0.508000
Epoch time: 1.46 seconds 

Epoch 52
----------------------------
loss: 0.104607 [  256/ 2000]
loss: 0.103387 [ 1280/ 2000]
Validation Error: 
Accuracy: 98.6%, Avg loss: 0.019328, Positive ratio: 0.497000
Validation loss improved, saving model
Epoch time: 1.47 seconds 

Epoch 53
----------------------------
loss: 0.113498 [  256/ 2000]
loss: 0.112635 [ 1280/ 2000]
Validation Error: 
Accuracy: 98.2%, Avg loss: 0.021751, Positive ratio: 0.491000
Epoch time: 1.46 seconds 

Epoch 54
----------------------------
loss: 0.113795 [  256/ 2000]
loss: 0.107876 [ 1280/ 2000]
Validation Error: 
Accuracy: 98.4%, Avg loss: 0.017947, Positive ratio: 0.511000
Validation loss improved, saving model
Epoch time: 1.46 seconds 

Epoch 55
----------------------------
loss: 0.113068 [  256/ 2000]
loss: 0.096928 [ 1280/ 2000]
Validation Error: 
Accuracy: 97.9%, Avg loss: 0.020024, Positive ratio: 0.518000
Epoch time: 1.46 seconds 

Epoch 56
----------------------------
loss: 0.100226 [  256/ 2000]
loss: 0.106873 [ 1280/ 2000]
Validation Error: 
Accuracy: 98.1%, Avg loss: 0.019069, Positive ratio: 0.510000
Epoch time: 1.46 seconds 

Epoch 57
----------------------------
loss: 0.110924 [  256/ 2000]
loss: 0.101404 [ 1280/ 2000]
Validation Error: 
Accuracy: 97.6%, Avg loss: 0.024238, Positive ratio: 0.527000
Epoch time: 1.47 seconds 

Epoch 58
----------------------------
loss: 0.103722 [  256/ 2000]
loss: 0.105858 [ 1280/ 2000]
Validation Error: 
Accuracy: 96.6%, Avg loss: 0.034853, Positive ratio: 0.471000
Epoch time: 1.46 seconds 

Epoch 59
----------------------------
loss: 0.115570 [  256/ 2000]
loss: 0.104305 [ 1280/ 2000]
Validation Error: 
Accuracy: 95.2%, Avg loss: 0.040249, Positive ratio: 0.553000
Epoch time: 1.45 seconds 

Epoch 60
----------------------------
loss: 0.100675 [  256/ 2000]
loss: 0.108027 [ 1280/ 2000]
Validation Error: 
Accuracy: 97.9%, Avg loss: 0.021733, Positive ratio: 0.520000
Epoch time: 1.46 seconds 

Epoch 61
----------------------------
loss: 0.099745 [  256/ 2000]
loss: 0.106871 [ 1280/ 2000]
Validation Error: 
Accuracy: 98.3%, Avg loss: 0.021503, Positive ratio: 0.494000
Epoch time: 1.46 seconds 

Epoch 62
----------------------------
loss: 0.108472 [  256/ 2000]
loss: 0.108555 [ 1280/ 2000]
Validation Error: 
Accuracy: 96.1%, Avg loss: 0.038382, Positive ratio: 0.466000
Epoch time: 1.46 seconds 

Epoch 63
----------------------------
loss: 0.108742 [  256/ 2000]
loss: 0.099665 [ 1280/ 2000]
Validation Error: 
Accuracy: 98.5%, Avg loss: 0.016662, Positive ratio: 0.502000
Validation loss improved, saving model
Epoch time: 1.47 seconds 

Epoch 64
----------------------------
loss: 0.103082 [  256/ 2000]
loss: 0.100970 [ 1280/ 2000]
Validation Error: 
Accuracy: 98.3%, Avg loss: 0.017762, Positive ratio: 0.518000
Epoch time: 1.46 seconds 

Epoch 65
----------------------------
loss: 0.104857 [  256/ 2000]
loss: 0.105955 [ 1280/ 2000]
Validation Error: 
Accuracy: 96.2%, Avg loss: 0.031219, Positive ratio: 0.541000
Epoch time: 1.46 seconds 

Epoch 66
----------------------------
loss: 0.109582 [  256/ 2000]
loss: 0.097672 [ 1280/ 2000]
Validation Error: 
Accuracy: 95.2%, Avg loss: 0.043134, Positive ratio: 0.457000
Epoch time: 1.45 seconds 

Epoch 67
----------------------------
loss: 0.102061 [  256/ 2000]
loss: 0.103965 [ 1280/ 2000]
Validation Error: 
Accuracy: 97.6%, Avg loss: 0.020843, Positive ratio: 0.499000
Epoch time: 1.46 seconds 

Epoch 68
----------------------------
loss: 0.096861 [  256/ 2000]
loss: 0.105591 [ 1280/ 2000]
Validation Error: 
Accuracy: 96.4%, Avg loss: 0.033291, Positive ratio: 0.539000
Epoch time: 1.45 seconds 

Epoch 69
----------------------------
loss: 0.103784 [  256/ 2000]
loss: 0.106632 [ 1280/ 2000]
Validation Error: 
Accuracy: 97.1%, Avg loss: 0.027485, Positive ratio: 0.532000
Epoch time: 1.46 seconds 

Epoch 70
----------------------------
loss: 0.104662 [  256/ 2000]
loss: 0.102039 [ 1280/ 2000]
Validation Error: 
Accuracy: 98.2%, Avg loss: 0.018703, Positive ratio: 0.495000
Epoch time: 1.46 seconds 

Epoch 71
----------------------------
loss: 0.108462 [  256/ 2000]
loss: 0.101175 [ 1280/ 2000]
Validation Error: 
Accuracy: 98.4%, Avg loss: 0.020508, Positive ratio: 0.489000
Epoch time: 1.46 seconds 

Epoch 72
----------------------------
loss: 0.109643 [  256/ 2000]
loss: 0.104755 [ 1280/ 2000]
Validation Error: 
Accuracy: 97.3%, Avg loss: 0.023571, Positive ratio: 0.530000
Epoch time: 1.46 seconds 

Epoch 73
----------------------------
loss: 0.103861 [  256/ 2000]
loss: 0.099151 [ 1280/ 2000]
Validation Error: 
Accuracy: 95.1%, Avg loss: 0.045400, Positive ratio: 0.456000
Epoch time: 1.47 seconds 

Epoch 74
----------------------------
loss: 0.098823 [  256/ 2000]
loss: 0.099254 [ 1280/ 2000]
Validation Error: 
Accuracy: 97.9%, Avg loss: 0.018244, Positive ratio: 0.500000
Epoch time: 1.46 seconds 

Epoch 75
----------------------------
loss: 0.099631 [  256/ 2000]
loss: 0.107515 [ 1280/ 2000]
Validation Error: 
Accuracy: 98.5%, Avg loss: 0.016367, Positive ratio: 0.508000
Validation loss improved, saving model
Epoch time: 1.47 seconds 

Epoch 76
----------------------------
loss: 0.111507 [  256/ 2000]
loss: 0.100711 [ 1280/ 2000]
Validation Error: 
Accuracy: 98.5%, Avg loss: 0.016017, Positive ratio: 0.498000
Validation loss improved, saving model
Epoch time: 1.47 seconds 

Epoch 77
----------------------------
loss: 0.091536 [  256/ 2000]
loss: 0.104926 [ 1280/ 2000]
Validation Error: 
Accuracy: 98.1%, Avg loss: 0.018361, Positive ratio: 0.490000
Epoch time: 1.47 seconds 

Epoch 78
----------------------------
loss: 0.094267 [  256/ 2000]
loss: 0.097673 [ 1280/ 2000]
Validation Error: 
Accuracy: 98.4%, Avg loss: 0.016653, Positive ratio: 0.495000
Epoch time: 1.46 seconds 

Epoch 79
----------------------------
loss: 0.102294 [  256/ 2000]
loss: 0.091133 [ 1280/ 2000]
Validation Error: 
Accuracy: 98.5%, Avg loss: 0.016255, Positive ratio: 0.500000
Epoch time: 1.47 seconds 

Epoch 80
----------------------------
loss: 0.099426 [  256/ 2000]
loss: 0.094571 [ 1280/ 2000]
Validation Error: 
Accuracy: 98.2%, Avg loss: 0.015610, Positive ratio: 0.505000
Validation loss improved, saving model
Epoch time: 1.47 seconds 

Epoch 81
----------------------------
loss: 0.093816 [  256/ 2000]
loss: 0.104612 [ 1280/ 2000]
Validation Error: 
Accuracy: 98.1%, Avg loss: 0.015520, Positive ratio: 0.510000
Epoch time: 1.47 seconds 

Epoch 82
----------------------------
loss: 0.107436 [  256/ 2000]
loss: 0.096477 [ 1280/ 2000]
Validation Error: 
Accuracy: 98.3%, Avg loss: 0.016069, Positive ratio: 0.514000
Epoch time: 1.46 seconds 

Epoch 83
----------------------------
loss: 0.096841 [  256/ 2000]
loss: 0.095188 [ 1280/ 2000]
Validation Error: 
Accuracy: 98.4%, Avg loss: 0.015870, Positive ratio: 0.513000
Epoch time: 1.46 seconds 

Epoch 84
----------------------------
loss: 0.102781 [  256/ 2000]
loss: 0.104106 [ 1280/ 2000]
Validation Error: 
Accuracy: 98.4%, Avg loss: 0.015209, Positive ratio: 0.505000
Validation loss improved, saving model
Epoch time: 1.47 seconds 

Epoch 85
----------------------------
loss: 0.098272 [  256/ 2000]
loss: 0.096873 [ 1280/ 2000]
Validation Error: 
Accuracy: 98.6%, Avg loss: 0.016837, Positive ratio: 0.495000
Epoch time: 1.46 seconds 

Epoch 86
----------------------------
loss: 0.098797 [  256/ 2000]
loss: 0.096439 [ 1280/ 2000]
Validation Error: 
Accuracy: 98.4%, Avg loss: 0.015471, Positive ratio: 0.499000
Epoch time: 1.46 seconds 

Epoch 87
----------------------------
loss: 0.104074 [  256/ 2000]
loss: 0.100334 [ 1280/ 2000]
Validation Error: 
Accuracy: 98.3%, Avg loss: 0.015208, Positive ratio: 0.514000
Epoch time: 1.46 seconds 

Epoch 88
----------------------------
loss: 0.108419 [  256/ 2000]
loss: 0.096681 [ 1280/ 2000]
Validation Error: 
Accuracy: 98.4%, Avg loss: 0.014986, Positive ratio: 0.505000
Validation loss improved, saving model
Epoch time: 1.47 seconds 

Epoch 89
----------------------------
loss: 0.105732 [  256/ 2000]
loss: 0.099810 [ 1280/ 2000]
Validation Error: 
Accuracy: 98.3%, Avg loss: 0.015157, Positive ratio: 0.506000
Epoch time: 1.46 seconds 

Epoch 90
----------------------------
loss: 0.104014 [  256/ 2000]
loss: 0.098150 [ 1280/ 2000]
Validation Error: 
Accuracy: 98.2%, Avg loss: 0.016875, Positive ratio: 0.515000
Epoch time: 1.46 seconds 

Epoch 91
----------------------------
loss: 0.096590 [  256/ 2000]
loss: 0.098380 [ 1280/ 2000]
Validation Error: 
Accuracy: 98.3%, Avg loss: 0.015320, Positive ratio: 0.508000
Epoch time: 1.46 seconds 

Epoch 92
----------------------------
loss: 0.095516 [  256/ 2000]
loss: 0.103921 [ 1280/ 2000]
Validation Error: 
Accuracy: 98.4%, Avg loss: 0.015363, Positive ratio: 0.499000
Epoch time: 1.46 seconds 

Epoch 93
----------------------------
loss: 0.103759 [  256/ 2000]
loss: 0.091332 [ 1280/ 2000]
Validation Error: 
Accuracy: 98.3%, Avg loss: 0.015775, Positive ratio: 0.498000
Epoch time: 1.46 seconds 

Epoch 94
----------------------------
loss: 0.098093 [  256/ 2000]
loss: 0.093687 [ 1280/ 2000]
Validation Error: 
Accuracy: 98.5%, Avg loss: 0.015124, Positive ratio: 0.500000
Epoch time: 1.46 seconds 

Epoch 95
----------------------------
loss: 0.101850 [  256/ 2000]
loss: 0.110936 [ 1280/ 2000]
Validation Error: 
Accuracy: 98.6%, Avg loss: 0.014897, Positive ratio: 0.501000
Epoch time: 1.46 seconds 

Epoch 96
----------------------------
loss: 0.093739 [  256/ 2000]
loss: 0.096152 [ 1280/ 2000]
Validation Error: 
Accuracy: 98.1%, Avg loss: 0.015519, Positive ratio: 0.512000
Epoch time: 1.46 seconds 

Epoch 97
----------------------------
loss: 0.098483 [  256/ 2000]
loss: 0.091006 [ 1280/ 2000]
Validation Error: 
Accuracy: 98.1%, Avg loss: 0.016172, Positive ratio: 0.512000
Epoch time: 1.46 seconds 

Epoch 98
----------------------------
loss: 0.097063 [  256/ 2000]
loss: 0.098296 [ 1280/ 2000]
Validation Error: 
Accuracy: 98.3%, Avg loss: 0.015382, Positive ratio: 0.506000
Epoch time: 1.45 seconds 

Epoch 99
----------------------------
loss: 0.095851 [  256/ 2000]
loss: 0.100027 [ 1280/ 2000]
Validation Error: 
Accuracy: 98.3%, Avg loss: 0.015217, Positive ratio: 0.508000
Epoch time: 1.46 seconds 

Epoch 100
----------------------------
loss: 0.093151 [  256/ 2000]
loss: 0.101037 [ 1280/ 2000]
Validation Error: 
Accuracy: 98.3%, Avg loss: 0.015217, Positive ratio: 0.508000
Epoch time: 1.46 seconds 

Epoch 101
----------------------------
loss: 0.104568 [  256/ 2000]
loss: 0.098159 [ 1280/ 2000]
Validation Error: 
Accuracy: 98.3%, Avg loss: 0.015102, Positive ratio: 0.510000
Epoch time: 1.46 seconds 

Epoch 102
----------------------------
loss: 0.097946 [  256/ 2000]
loss: 0.105300 [ 1280/ 2000]
Validation Error: 
Accuracy: 98.3%, Avg loss: 0.014695, Positive ratio: 0.508000
Validation loss improved, saving model
Epoch time: 1.47 seconds 

Epoch 103
----------------------------
loss: 0.099149 [  256/ 2000]
loss: 0.097924 [ 1280/ 2000]
Validation Error: 
Accuracy: 98.3%, Avg loss: 0.014872, Positive ratio: 0.506000
Epoch time: 1.46 seconds 

Epoch 104
----------------------------
loss: 0.104452 [  256/ 2000]
loss: 0.099497 [ 1280/ 2000]
Validation Error: 
Accuracy: 98.1%, Avg loss: 0.015554, Positive ratio: 0.512000
Epoch time: 1.45 seconds 

Epoch 105
----------------------------
loss: 0.100080 [  256/ 2000]
loss: 0.101383 [ 1280/ 2000]
Validation Error: 
Accuracy: 98.3%, Avg loss: 0.015272, Positive ratio: 0.508000
Epoch time: 1.46 seconds 

Epoch 106
----------------------------
loss: 0.097369 [  256/ 2000]
loss: 0.095785 [ 1280/ 2000]
Validation Error: 
Accuracy: 98.5%, Avg loss: 0.015401, Positive ratio: 0.506000
Epoch time: 1.46 seconds 

Epoch 107
----------------------------
loss: 0.102148 [  256/ 2000]
loss: 0.096597 [ 1280/ 2000]
Validation Error: 
Accuracy: 98.3%, Avg loss: 0.015289, Positive ratio: 0.502000
Epoch time: 1.45 seconds 

Epoch 108
----------------------------
loss: 0.094259 [  256/ 2000]
loss: 0.099094 [ 1280/ 2000]
Validation Error: 
Accuracy: 98.2%, Avg loss: 0.015066, Positive ratio: 0.505000
Epoch time: 1.45 seconds 

Epoch 109
----------------------------
loss: 0.100249 [  256/ 2000]
loss: 0.095098 [ 1280/ 2000]
Validation Error: 
Accuracy: 98.4%, Avg loss: 0.014711, Positive ratio: 0.507000
Epoch time: 1.46 seconds 

Epoch 110
----------------------------
loss: 0.095300 [  256/ 2000]
loss: 0.101420 [ 1280/ 2000]
Validation Error: 
Accuracy: 98.5%, Avg loss: 0.014471, Positive ratio: 0.506000
Validation loss improved, saving model
Epoch time: 1.46 seconds 

Epoch 111
----------------------------
loss: 0.100620 [  256/ 2000]
loss: 0.100051 [ 1280/ 2000]
Validation Error: 
Accuracy: 98.6%, Avg loss: 0.014777, Positive ratio: 0.505000
Epoch time: 1.46 seconds 

Epoch 112
----------------------------
loss: 0.094791 [  256/ 2000]
loss: 0.101340 [ 1280/ 2000]
Validation Error: 
Accuracy: 98.6%, Avg loss: 0.015057, Positive ratio: 0.503000
Epoch time: 1.45 seconds 

Epoch 113
----------------------------
loss: 0.093032 [  256/ 2000]
loss: 0.099284 [ 1280/ 2000]
Validation Error: 
Accuracy: 98.5%, Avg loss: 0.015141, Positive ratio: 0.508000
Epoch time: 1.45 seconds 

Epoch 114
----------------------------
loss: 0.109522 [  256/ 2000]
loss: 0.097746 [ 1280/ 2000]
Validation Error: 
Accuracy: 98.5%, Avg loss: 0.014739, Positive ratio: 0.506000
Epoch time: 1.46 seconds 

Epoch 115
----------------------------
loss: 0.098813 [  256/ 2000]
loss: 0.101536 [ 1280/ 2000]
Validation Error: 
Accuracy: 98.4%, Avg loss: 0.014859, Positive ratio: 0.507000
Epoch time: 1.46 seconds 

Epoch 116
----------------------------
loss: 0.095166 [  256/ 2000]
loss: 0.099707 [ 1280/ 2000]
Validation Error: 
Accuracy: 98.3%, Avg loss: 0.015008, Positive ratio: 0.506000
Epoch time: 1.46 seconds 

Epoch 117
----------------------------
loss: 0.096855 [  256/ 2000]
loss: 0.102233 [ 1280/ 2000]
Validation Error: 
Accuracy: 98.3%, Avg loss: 0.015793, Positive ratio: 0.498000
Epoch time: 1.45 seconds 

Epoch 118
----------------------------
loss: 0.096950 [  256/ 2000]
loss: 0.096927 [ 1280/ 2000]
Validation Error: 
Accuracy: 98.1%, Avg loss: 0.015779, Positive ratio: 0.502000
Epoch time: 1.45 seconds 

Epoch 119
----------------------------
loss: 0.084366 [  256/ 2000]
loss: 0.100202 [ 1280/ 2000]
Validation Error: 
Accuracy: 98.3%, Avg loss: 0.015731, Positive ratio: 0.504000
Epoch time: 1.45 seconds 

Epoch 120
----------------------------
loss: 0.095748 [  256/ 2000]
loss: 0.100818 [ 1280/ 2000]
Validation Error: 
Accuracy: 98.4%, Avg loss: 0.015908, Positive ratio: 0.499000
Epoch time: 1.46 seconds 

Epoch 121
----------------------------
loss: 0.096618 [  256/ 2000]
loss: 0.111633 [ 1280/ 2000]
Validation Error: 
Accuracy: 98.5%, Avg loss: 0.015460, Positive ratio: 0.504000
Epoch time: 1.46 seconds 

Epoch 122
----------------------------
loss: 0.099412 [  256/ 2000]
loss: 0.098030 [ 1280/ 2000]
Validation Error: 
Accuracy: 98.6%, Avg loss: 0.015462, Positive ratio: 0.501000
Epoch time: 1.46 seconds 

Epoch 123
----------------------------
loss: 0.101946 [  256/ 2000]
loss: 0.098887 [ 1280/ 2000]
Validation Error: 
Accuracy: 98.5%, Avg loss: 0.015329, Positive ratio: 0.504000
Epoch time: 1.46 seconds 

Epoch 124
----------------------------
loss: 0.102041 [  256/ 2000]
loss: 0.103190 [ 1280/ 2000]
Validation Error: 
Accuracy: 98.5%, Avg loss: 0.015371, Positive ratio: 0.502000
Epoch time: 1.46 seconds 

Epoch 125
----------------------------
loss: 0.092492 [  256/ 2000]
loss: 0.104335 [ 1280/ 2000]
Validation Error: 
Accuracy: 98.4%, Avg loss: 0.015311, Positive ratio: 0.503000
Epoch time: 1.46 seconds 

Epoch 126
----------------------------
loss: 0.104064 [  256/ 2000]
loss: 0.100723 [ 1280/ 2000]
Validation Error: 
Accuracy: 98.4%, Avg loss: 0.015053, Positive ratio: 0.505000
Epoch time: 1.46 seconds 

Epoch 127
----------------------------
loss: 0.098286 [  256/ 2000]
loss: 0.094472 [ 1280/ 2000]
Validation Error: 
Accuracy: 98.4%, Avg loss: 0.015159, Positive ratio: 0.505000
Epoch time: 1.45 seconds 

Epoch 128
----------------------------
loss: 0.105745 [  256/ 2000]
loss: 0.105488 [ 1280/ 2000]
Validation Error: 
Accuracy: 98.4%, Avg loss: 0.015061, Positive ratio: 0.505000
Epoch time: 1.46 seconds 

Epoch 129
----------------------------
loss: 0.099555 [  256/ 2000]
loss: 0.101227 [ 1280/ 2000]
Validation Error: 
Accuracy: 98.4%, Avg loss: 0.015188, Positive ratio: 0.503000
Epoch time: 1.46 seconds 

Epoch 130
----------------------------
loss: 0.099823 [  256/ 2000]
loss: 0.101951 [ 1280/ 2000]
Validation Error: 
Accuracy: 98.3%, Avg loss: 0.015224, Positive ratio: 0.504000
Early stopping with minimum validation loss of 0.014470811635255813, max accuracy of 0.985
Done! Total training time: 3 minutes, 11.59 seconds, average epoch time: 0.19 seconds
