Using reduced dataset of 400 examples
Using cuda device
==========================================================================================
Layer (type:depth-idx)                   Output Shape              Param #
==========================================================================================
CNN                                      [256, 100]                --
├─Sequential: 1-1                        [256, 1, 128, 128]        --
├─Sequential: 1-2                        [256, 8192]               --
│    └─Sequential: 2-1                   [256, 16, 64, 64]         --
│    │    └─Conv2d: 3-1                  [256, 16, 128, 128]       160
│    │    └─LeakyReLU: 3-2               [256, 16, 128, 128]       --
│    │    └─BatchNorm2d: 3-3             [256, 16, 128, 128]       32
│    │    └─Conv2d: 3-4                  [256, 16, 128, 128]       2,320
│    │    └─LeakyReLU: 3-5               [256, 16, 128, 128]       --
│    │    └─BatchNorm2d: 3-6             [256, 16, 128, 128]       32
│    │    └─MaxPool2d: 3-7               [256, 16, 64, 64]         --
│    └─Sequential: 2-2                   [256, 32, 32, 32]         --
│    │    └─Conv2d: 3-8                  [256, 32, 64, 64]         4,640
│    │    └─LeakyReLU: 3-9               [256, 32, 64, 64]         --
│    │    └─BatchNorm2d: 3-10            [256, 32, 64, 64]         64
│    │    └─Conv2d: 3-11                 [256, 32, 64, 64]         9,248
│    │    └─LeakyReLU: 3-12              [256, 32, 64, 64]         --
│    │    └─BatchNorm2d: 3-13            [256, 32, 64, 64]         64
│    │    └─MaxPool2d: 3-14              [256, 32, 32, 32]         --
│    └─Sequential: 2-3                   [256, 64, 16, 16]         --
│    │    └─Conv2d: 3-15                 [256, 64, 32, 32]         18,496
│    │    └─LeakyReLU: 3-16              [256, 64, 32, 32]         --
│    │    └─BatchNorm2d: 3-17            [256, 64, 32, 32]         128
│    │    └─Conv2d: 3-18                 [256, 64, 32, 32]         36,928
│    │    └─LeakyReLU: 3-19              [256, 64, 32, 32]         --
│    │    └─BatchNorm2d: 3-20            [256, 64, 32, 32]         128
│    │    └─MaxPool2d: 3-21              [256, 64, 16, 16]         --
│    └─Sequential: 2-4                   [256, 128, 8, 8]          --
│    │    └─Conv2d: 3-22                 [256, 128, 16, 16]        73,856
│    │    └─LeakyReLU: 3-23              [256, 128, 16, 16]        --
│    │    └─BatchNorm2d: 3-24            [256, 128, 16, 16]        256
│    │    └─Conv2d: 3-25                 [256, 128, 16, 16]        147,584
│    │    └─LeakyReLU: 3-26              [256, 128, 16, 16]        --
│    │    └─BatchNorm2d: 3-27            [256, 128, 16, 16]        256
│    │    └─MaxPool2d: 3-28              [256, 128, 8, 8]          --
│    └─Flatten: 2-5                      [256, 8192]               --
├─Sequential: 1-3                        [256, 100]                --
│    └─Sequential: 2-6                   [256, 100]                --
│    │    └─Linear: 3-29                 [256, 100]                819,300
│    │    └─LeakyReLU: 3-30              [256, 100]                --
│    │    └─Dropout: 3-31                [256, 100]                --
│    │    └─BatchNorm1d: 3-32            [256, 100]                200
│    └─Linear: 2-7                       [256, 100]                10,100
├─Sigmoid: 1-4                           [256, 100]                --
==========================================================================================
Total params: 1,123,792
Trainable params: 1,123,792
Non-trainable params: 0
Total mult-adds (Units.GIGABYTES): 54.22
==========================================================================================
Input size (MB): 16.78
Forward/backward pass size (MB): 4027.15
Params size (MB): 4.50
Estimated Total Size (MB): 4048.42
==========================================================================================
Training CNN 

Epoch 1
----------------------------
loss: 0.426403 [  256/  400]
Validation Error: 
Accuracy: 50.5%, Avg loss: 0.490665, Positive ratio: 1.000000
Validation loss improved, saving model
Epoch time: 2.11 seconds 

Epoch 2
----------------------------
loss: 0.404896 [  256/  400]
Validation Error: 
Accuracy: 50.5%, Avg loss: 0.485871, Positive ratio: 1.000000
Validation loss improved, saving model
Epoch time: 0.41 seconds 

Epoch 3
----------------------------
loss: 0.391480 [  256/  400]
Validation Error: 
Accuracy: 50.5%, Avg loss: 0.480799, Positive ratio: 1.000000
Validation loss improved, saving model
Epoch time: 0.41 seconds 

Epoch 4
----------------------------
loss: 0.378587 [  256/  400]
Validation Error: 
Accuracy: 50.5%, Avg loss: 0.476704, Positive ratio: 1.000000
Validation loss improved, saving model
Epoch time: 0.41 seconds 

Epoch 5
----------------------------
loss: 0.364864 [  256/  400]
Validation Error: 
Accuracy: 50.5%, Avg loss: 0.474197, Positive ratio: 1.000000
Validation loss improved, saving model
Epoch time: 0.41 seconds 

Epoch 6
----------------------------
loss: 0.353568 [  256/  400]
Validation Error: 
Accuracy: 50.5%, Avg loss: 0.471201, Positive ratio: 1.000000
Validation loss improved, saving model
Epoch time: 0.41 seconds 

Epoch 7
----------------------------
loss: 0.344722 [  256/  400]
Validation Error: 
Accuracy: 50.5%, Avg loss: 0.466166, Positive ratio: 1.000000
Validation loss improved, saving model
Epoch time: 0.41 seconds 

Epoch 8
----------------------------
loss: 0.331811 [  256/  400]
Validation Error: 
Accuracy: 50.5%, Avg loss: 0.461400, Positive ratio: 1.000000
Validation loss improved, saving model
Epoch time: 0.41 seconds 

Epoch 9
----------------------------
loss: 0.319778 [  256/  400]
Validation Error: 
Accuracy: 50.5%, Avg loss: 0.458920, Positive ratio: 1.000000
Validation loss improved, saving model
Epoch time: 0.41 seconds 

Epoch 10
----------------------------
loss: 0.308213 [  256/  400]
Validation Error: 
Accuracy: 50.5%, Avg loss: 0.457312, Positive ratio: 1.000000
Validation loss improved, saving model
Epoch time: 0.42 seconds 

Epoch 11
----------------------------
loss: 0.298771 [  256/  400]
Validation Error: 
Accuracy: 50.5%, Avg loss: 0.455931, Positive ratio: 1.000000
Validation loss improved, saving model
Epoch time: 0.42 seconds 

Epoch 12
----------------------------
loss: 0.285904 [  256/  400]
Validation Error: 
Accuracy: 50.5%, Avg loss: 0.455003, Positive ratio: 1.000000
Validation loss improved, saving model
Epoch time: 0.42 seconds 

Epoch 13
----------------------------
loss: 0.270276 [  256/  400]
Validation Error: 
Accuracy: 50.5%, Avg loss: 0.454406, Positive ratio: 1.000000
Validation loss improved, saving model
Epoch time: 0.42 seconds 

Epoch 14
----------------------------
loss: 0.264542 [  256/  400]
Validation Error: 
Accuracy: 50.5%, Avg loss: 0.456077, Positive ratio: 1.000000
Epoch time: 0.41 seconds 

Epoch 15
----------------------------
loss: 0.247225 [  256/  400]
Validation Error: 
Accuracy: 50.5%, Avg loss: 0.456058, Positive ratio: 1.000000
Epoch time: 0.41 seconds 

Epoch 16
----------------------------
loss: 0.237467 [  256/  400]
Validation Error: 
Accuracy: 50.5%, Avg loss: 0.459709, Positive ratio: 1.000000
Epoch time: 0.41 seconds 

Epoch 17
----------------------------
loss: 0.225600 [  256/  400]
Validation Error: 
Accuracy: 50.5%, Avg loss: 0.462003, Positive ratio: 1.000000
Epoch time: 0.41 seconds 

Epoch 18
----------------------------
loss: 0.209195 [  256/  400]
Validation Error: 
Accuracy: 50.5%, Avg loss: 0.465340, Positive ratio: 1.000000
Epoch time: 0.41 seconds 

Epoch 19
----------------------------
loss: 0.199718 [  256/  400]
Validation Error: 
Accuracy: 50.5%, Avg loss: 0.469703, Positive ratio: 1.000000
Epoch time: 0.41 seconds 

Epoch 20
----------------------------
loss: 0.191373 [  256/  400]
Validation Error: 
Accuracy: 50.5%, Avg loss: 0.468137, Positive ratio: 1.000000
Epoch time: 0.41 seconds 

Epoch 21
----------------------------
loss: 0.173957 [  256/  400]
Validation Error: 
Accuracy: 50.5%, Avg loss: 0.461307, Positive ratio: 1.000000
Epoch time: 0.41 seconds 

Epoch 22
----------------------------
loss: 0.172160 [  256/  400]
Validation Error: 
Accuracy: 50.5%, Avg loss: 0.458374, Positive ratio: 1.000000
Epoch time: 0.41 seconds 

Epoch 23
----------------------------
loss: 0.159777 [  256/  400]
Validation Error: 
Accuracy: 50.5%, Avg loss: 0.455121, Positive ratio: 1.000000
Epoch time: 0.41 seconds 

Epoch 24
----------------------------
loss: 0.145612 [  256/  400]
Validation Error: 
Accuracy: 50.5%, Avg loss: 0.450765, Positive ratio: 1.000000
Validation loss improved, saving model
Epoch time: 0.42 seconds 

Epoch 25
----------------------------
loss: 0.135165 [  256/  400]
Validation Error: 
Accuracy: 50.5%, Avg loss: 0.448050, Positive ratio: 1.000000
Validation loss improved, saving model
Epoch time: 0.42 seconds 

Epoch 26
----------------------------
loss: 0.124068 [  256/  400]
Validation Error: 
Accuracy: 50.5%, Avg loss: 0.446552, Positive ratio: 1.000000
Validation loss improved, saving model
Epoch time: 0.42 seconds 

Epoch 27
----------------------------
loss: 0.116531 [  256/  400]
Validation Error: 
Accuracy: 50.5%, Avg loss: 0.447288, Positive ratio: 1.000000
Epoch time: 0.41 seconds 

Epoch 28
----------------------------
loss: 0.107339 [  256/  400]
Validation Error: 
Accuracy: 50.5%, Avg loss: 0.450175, Positive ratio: 1.000000
Epoch time: 0.41 seconds 

Epoch 29
----------------------------
loss: 0.105602 [  256/  400]
Validation Error: 
Accuracy: 50.5%, Avg loss: 0.446460, Positive ratio: 1.000000
Epoch time: 0.41 seconds 

Epoch 30
----------------------------
loss: 0.094266 [  256/  400]
Validation Error: 
Accuracy: 50.5%, Avg loss: 0.443318, Positive ratio: 1.000000
Validation loss improved, saving model
Epoch time: 0.42 seconds 

Epoch 31
----------------------------
loss: 0.097689 [  256/  400]
Validation Error: 
Accuracy: 50.5%, Avg loss: 0.444578, Positive ratio: 1.000000
Epoch time: 0.41 seconds 

Epoch 32
----------------------------
loss: 0.083683 [  256/  400]
Validation Error: 
Accuracy: 50.5%, Avg loss: 0.445669, Positive ratio: 1.000000
Epoch time: 0.41 seconds 

Epoch 33
----------------------------
loss: 0.100068 [  256/  400]
Validation Error: 
Accuracy: 50.5%, Avg loss: 0.446315, Positive ratio: 1.000000
Epoch time: 0.41 seconds 

Epoch 34
----------------------------
loss: 0.072574 [  256/  400]
Validation Error: 
Accuracy: 50.5%, Avg loss: 0.445357, Positive ratio: 1.000000
Epoch time: 0.41 seconds 

Epoch 35
----------------------------
loss: 0.078200 [  256/  400]
Validation Error: 
Accuracy: 50.5%, Avg loss: 0.443367, Positive ratio: 1.000000
Epoch time: 0.41 seconds 

Epoch 36
----------------------------
loss: 0.068146 [  256/  400]
Validation Error: 
Accuracy: 50.5%, Avg loss: 0.442649, Positive ratio: 1.000000
Validation loss improved, saving model
Epoch time: 0.42 seconds 

Epoch 37
----------------------------
loss: 0.066967 [  256/  400]
Validation Error: 
Accuracy: 55.4%, Avg loss: 0.435641, Positive ratio: 0.103000
Validation loss improved, saving model
Epoch time: 0.42 seconds 

Epoch 38
----------------------------
loss: 0.061211 [  256/  400]
Validation Error: 
Accuracy: 49.5%, Avg loss: 0.447207, Positive ratio: 0.000000
Epoch time: 0.41 seconds 

Epoch 39
----------------------------
loss: 0.058033 [  256/  400]
Validation Error: 
Accuracy: 49.5%, Avg loss: 0.451045, Positive ratio: 0.000000
Epoch time: 0.41 seconds 

Epoch 40
----------------------------
loss: 0.054624 [  256/  400]
Validation Error: 
Accuracy: 49.5%, Avg loss: 0.453297, Positive ratio: 0.000000
Epoch time: 0.41 seconds 

Epoch 41
----------------------------
loss: 0.050954 [  256/  400]
Validation Error: 
Accuracy: 49.6%, Avg loss: 0.450173, Positive ratio: 0.671000
Epoch time: 0.41 seconds 

Epoch 42
----------------------------
loss: 0.041578 [  256/  400]
Validation Error: 
Accuracy: 50.5%, Avg loss: 0.450133, Positive ratio: 1.000000
Epoch time: 0.41 seconds 

Epoch 43
----------------------------
loss: 0.043258 [  256/  400]
Validation Error: 
Accuracy: 50.5%, Avg loss: 0.452772, Positive ratio: 1.000000
Epoch time: 0.42 seconds 

Epoch 44
----------------------------
loss: 0.039973 [  256/  400]
Validation Error: 
Accuracy: 50.5%, Avg loss: 0.455130, Positive ratio: 1.000000
Epoch time: 0.41 seconds 

Epoch 45
----------------------------
loss: 0.039989 [  256/  400]
Validation Error: 
Accuracy: 50.5%, Avg loss: 0.454526, Positive ratio: 1.000000
Epoch time: 0.41 seconds 

Epoch 46
----------------------------
loss: 0.037113 [  256/  400]
Validation Error: 
Accuracy: 50.5%, Avg loss: 0.459003, Positive ratio: 1.000000
Epoch time: 0.41 seconds 

Epoch 47
----------------------------
loss: 0.032920 [  256/  400]
Validation Error: 
Accuracy: 50.5%, Avg loss: 0.464063, Positive ratio: 1.000000
Epoch time: 0.41 seconds 

Epoch 48
----------------------------
loss: 0.029767 [  256/  400]
Validation Error: 
Accuracy: 50.5%, Avg loss: 0.464429, Positive ratio: 1.000000
Epoch time: 0.41 seconds 

Epoch 49
----------------------------
loss: 0.029693 [  256/  400]
Validation Error: 
Accuracy: 50.5%, Avg loss: 0.461839, Positive ratio: 1.000000
Epoch time: 0.41 seconds 

Epoch 50
----------------------------
loss: 0.028964 [  256/  400]
Validation Error: 
Accuracy: 50.5%, Avg loss: 0.458579, Positive ratio: 1.000000
Epoch time: 0.41 seconds 

Epoch 51
----------------------------
loss: 0.028952 [  256/  400]
Validation Error: 
Accuracy: 50.5%, Avg loss: 0.455280, Positive ratio: 1.000000
Epoch time: 0.41 seconds 

Epoch 52
----------------------------
loss: 0.026934 [  256/  400]
Validation Error: 
Accuracy: 50.5%, Avg loss: 0.451197, Positive ratio: 1.000000
Epoch time: 0.41 seconds 

Epoch 53
----------------------------
loss: 0.026430 [  256/  400]
Validation Error: 
Accuracy: 50.5%, Avg loss: 0.446622, Positive ratio: 1.000000
Epoch time: 0.41 seconds 

Epoch 54
----------------------------
loss: 0.025658 [  256/  400]
Validation Error: 
Accuracy: 50.5%, Avg loss: 0.442064, Positive ratio: 1.000000
Epoch time: 0.41 seconds 

Epoch 55
----------------------------
loss: 0.026375 [  256/  400]
Validation Error: 
Accuracy: 50.5%, Avg loss: 0.437036, Positive ratio: 1.000000
Epoch time: 0.41 seconds 

Epoch 56
----------------------------
loss: 0.025176 [  256/  400]
Validation Error: 
Accuracy: 50.6%, Avg loss: 0.431598, Positive ratio: 0.999000
Validation loss improved, saving model
Epoch time: 0.42 seconds 

Epoch 57
----------------------------
loss: 0.026356 [  256/  400]
Validation Error: 
Accuracy: 50.6%, Avg loss: 0.426890, Positive ratio: 0.999000
Validation loss improved, saving model
Epoch time: 0.42 seconds 

Epoch 58
----------------------------
loss: 0.025707 [  256/  400]
Validation Error: 
Accuracy: 50.9%, Avg loss: 0.423285, Positive ratio: 0.996000
Validation loss improved, saving model
Epoch time: 0.42 seconds 

Epoch 59
----------------------------
loss: 0.025436 [  256/  400]
Validation Error: 
Accuracy: 51.1%, Avg loss: 0.419724, Positive ratio: 0.994000
Validation loss improved, saving model
Epoch time: 0.42 seconds 

Epoch 60
----------------------------
loss: 0.025332 [  256/  400]
Validation Error: 
Accuracy: 51.5%, Avg loss: 0.416757, Positive ratio: 0.990000
Validation loss improved, saving model
Epoch time: 0.42 seconds 

Epoch 61
----------------------------
loss: 0.025413 [  256/  400]
Validation Error: 
Accuracy: 51.8%, Avg loss: 0.414348, Positive ratio: 0.987000
Validation loss improved, saving model
Epoch time: 0.42 seconds 

Epoch 62
----------------------------
loss: 0.025494 [  256/  400]
Validation Error: 
Accuracy: 51.9%, Avg loss: 0.410392, Positive ratio: 0.986000
Validation loss improved, saving model
Epoch time: 0.42 seconds 

Epoch 63
----------------------------
loss: 0.024560 [  256/  400]
Validation Error: 
Accuracy: 52.8%, Avg loss: 0.405072, Positive ratio: 0.977000
Validation loss improved, saving model
Epoch time: 0.42 seconds 

Epoch 64
----------------------------
loss: 0.024684 [  256/  400]
Validation Error: 
Accuracy: 53.8%, Avg loss: 0.398752, Positive ratio: 0.967000
Validation loss improved, saving model
Epoch time: 0.42 seconds 

Epoch 65
----------------------------
loss: 0.025249 [  256/  400]
Validation Error: 
Accuracy: 55.1%, Avg loss: 0.389571, Positive ratio: 0.952000
Validation loss improved, saving model
Epoch time: 0.42 seconds 

Epoch 66
----------------------------
loss: 0.024738 [  256/  400]
Validation Error: 
Accuracy: 56.9%, Avg loss: 0.376692, Positive ratio: 0.934000
Validation loss improved, saving model
Epoch time: 0.42 seconds 

Epoch 67
----------------------------
loss: 0.024398 [  256/  400]
Validation Error: 
Accuracy: 59.1%, Avg loss: 0.361589, Positive ratio: 0.908000
Validation loss improved, saving model
Epoch time: 0.42 seconds 

Epoch 68
----------------------------
loss: 0.023811 [  256/  400]
Validation Error: 
Accuracy: 61.5%, Avg loss: 0.344396, Positive ratio: 0.882000
Validation loss improved, saving model
Epoch time: 0.42 seconds 

Epoch 69
----------------------------
loss: 0.024953 [  256/  400]
Validation Error: 
Accuracy: 64.1%, Avg loss: 0.327612, Positive ratio: 0.850000
Validation loss improved, saving model
Epoch time: 0.42 seconds 

Epoch 70
----------------------------
loss: 0.023715 [  256/  400]
Validation Error: 
Accuracy: 67.1%, Avg loss: 0.311529, Positive ratio: 0.820000
Validation loss improved, saving model
Epoch time: 0.42 seconds 

Epoch 71
----------------------------
loss: 0.022390 [  256/  400]
Validation Error: 
Accuracy: 69.6%, Avg loss: 0.295617, Positive ratio: 0.793000
Validation loss improved, saving model
Epoch time: 0.42 seconds 

Epoch 72
----------------------------
loss: 0.025268 [  256/  400]
Validation Error: 
Accuracy: 71.3%, Avg loss: 0.281490, Positive ratio: 0.776000
Validation loss improved, saving model
Epoch time: 0.42 seconds 

Epoch 73
----------------------------
loss: 0.024380 [  256/  400]
Validation Error: 
Accuracy: 72.3%, Avg loss: 0.274286, Positive ratio: 0.768000
Validation loss improved, saving model
Epoch time: 0.42 seconds 

Epoch 74
----------------------------
loss: 0.023263 [  256/  400]
Validation Error: 
Accuracy: 72.1%, Avg loss: 0.272107, Positive ratio: 0.772000
Validation loss improved, saving model
Epoch time: 0.42 seconds 

Epoch 75
----------------------------
loss: 0.022581 [  256/  400]
Validation Error: 
Accuracy: 72.1%, Avg loss: 0.271431, Positive ratio: 0.776000
Validation loss improved, saving model
Epoch time: 0.42 seconds 

Epoch 76
----------------------------
loss: 0.022418 [  256/  400]
Validation Error: 
Accuracy: 71.8%, Avg loss: 0.269568, Positive ratio: 0.783000
Validation loss improved, saving model
Epoch time: 0.42 seconds 

Epoch 77
----------------------------
loss: 0.022449 [  256/  400]
Validation Error: 
Accuracy: 73.0%, Avg loss: 0.264429, Positive ratio: 0.775000
Validation loss improved, saving model
Epoch time: 0.41 seconds 

Epoch 78
----------------------------
loss: 0.022244 [  256/  400]
Validation Error: 
Accuracy: 74.3%, Avg loss: 0.256749, Positive ratio: 0.762000
Validation loss improved, saving model
Epoch time: 0.42 seconds 

Epoch 79
----------------------------
loss: 0.021817 [  256/  400]
Validation Error: 
Accuracy: 75.0%, Avg loss: 0.248580, Positive ratio: 0.755000
Validation loss improved, saving model
Epoch time: 0.42 seconds 

Epoch 80
----------------------------
loss: 0.021756 [  256/  400]
Validation Error: 
Accuracy: 76.3%, Avg loss: 0.239893, Positive ratio: 0.742000
Validation loss improved, saving model
Epoch time: 0.42 seconds 

Epoch 81
----------------------------
loss: 0.022027 [  256/  400]
Validation Error: 
Accuracy: 77.7%, Avg loss: 0.228289, Positive ratio: 0.728000
Validation loss improved, saving model
Epoch time: 0.42 seconds 

Epoch 82
----------------------------
loss: 0.021998 [  256/  400]
Validation Error: 
Accuracy: 80.0%, Avg loss: 0.212367, Positive ratio: 0.705000
Validation loss improved, saving model
Epoch time: 0.42 seconds 

Epoch 83
----------------------------
loss: 0.021853 [  256/  400]
Validation Error: 
Accuracy: 82.4%, Avg loss: 0.194633, Positive ratio: 0.681000
Validation loss improved, saving model
Epoch time: 0.42 seconds 

Epoch 84
----------------------------
loss: 0.021513 [  256/  400]
Validation Error: 
Accuracy: 84.5%, Avg loss: 0.177081, Positive ratio: 0.660000
Validation loss improved, saving model
Epoch time: 0.42 seconds 

Epoch 85
----------------------------
loss: 0.021475 [  256/  400]
Validation Error: 
Accuracy: 86.2%, Avg loss: 0.161132, Positive ratio: 0.643000
Validation loss improved, saving model
Epoch time: 0.42 seconds 

Epoch 86
----------------------------
loss: 0.021102 [  256/  400]
Validation Error: 
Accuracy: 87.9%, Avg loss: 0.148296, Positive ratio: 0.626000
Validation loss improved, saving model
Epoch time: 0.42 seconds 

Epoch 87
----------------------------
loss: 0.021334 [  256/  400]
Validation Error: 
Accuracy: 89.1%, Avg loss: 0.138045, Positive ratio: 0.614000
Validation loss improved, saving model
Epoch time: 0.42 seconds 

Epoch 88
----------------------------
loss: 0.021135 [  256/  400]
Validation Error: 
Accuracy: 90.3%, Avg loss: 0.128613, Positive ratio: 0.600000
Validation loss improved, saving model
Epoch time: 0.42 seconds 

Epoch 89
----------------------------
loss: 0.021619 [  256/  400]
Validation Error: 
Accuracy: 90.7%, Avg loss: 0.121521, Positive ratio: 0.596000
Validation loss improved, saving model
Epoch time: 0.42 seconds 

Epoch 90
----------------------------
loss: 0.020967 [  256/  400]
Validation Error: 
Accuracy: 91.8%, Avg loss: 0.115003, Positive ratio: 0.585000
Validation loss improved, saving model
Epoch time: 0.42 seconds 

Epoch 91
----------------------------
loss: 0.021034 [  256/  400]
Validation Error: 
Accuracy: 92.1%, Avg loss: 0.109601, Positive ratio: 0.582000
Validation loss improved, saving model
Epoch time: 0.42 seconds 

Epoch 92
----------------------------
loss: 0.020494 [  256/  400]
Validation Error: 
Accuracy: 92.3%, Avg loss: 0.106170, Positive ratio: 0.580000
Validation loss improved, saving model
Epoch time: 0.42 seconds 

Epoch 93
----------------------------
loss: 0.020395 [  256/  400]
Validation Error: 
Accuracy: 92.4%, Avg loss: 0.102706, Positive ratio: 0.579000
Validation loss improved, saving model
Epoch time: 0.42 seconds 

Epoch 94
----------------------------
loss: 0.020835 [  256/  400]
Validation Error: 
Accuracy: 92.4%, Avg loss: 0.099195, Positive ratio: 0.577000
Validation loss improved, saving model
Epoch time: 0.43 seconds 

Epoch 95
----------------------------
loss: 0.020542 [  256/  400]
Validation Error: 
Accuracy: 92.6%, Avg loss: 0.096528, Positive ratio: 0.575000
Validation loss improved, saving model
Epoch time: 0.42 seconds 

Epoch 96
----------------------------
loss: 0.021180 [  256/  400]
Validation Error: 
Accuracy: 92.7%, Avg loss: 0.095315, Positive ratio: 0.574000
Validation loss improved, saving model
Epoch time: 0.42 seconds 

Epoch 97
----------------------------
loss: 0.020592 [  256/  400]
Validation Error: 
Accuracy: 92.5%, Avg loss: 0.094662, Positive ratio: 0.576000
Validation loss improved, saving model
Epoch time: 0.42 seconds 

Epoch 98
----------------------------
loss: 0.020292 [  256/  400]
Validation Error: 
Accuracy: 93.0%, Avg loss: 0.092799, Positive ratio: 0.571000
Validation loss improved, saving model
Epoch time: 0.42 seconds 

Epoch 99
----------------------------
loss: 0.020818 [  256/  400]
Validation Error: 
Accuracy: 93.1%, Avg loss: 0.090591, Positive ratio: 0.570000
Validation loss improved, saving model
Epoch time: 0.43 seconds 

Epoch 100
----------------------------
loss: 0.019678 [  256/  400]
Validation Error: 
Accuracy: 93.3%, Avg loss: 0.088256, Positive ratio: 0.568000
Validation loss improved, saving model
Epoch time: 0.42 seconds 

Epoch 101
----------------------------
loss: 0.020824 [  256/  400]
Validation Error: 
Accuracy: 93.5%, Avg loss: 0.086517, Positive ratio: 0.566000
Validation loss improved, saving model
Epoch time: 0.43 seconds 

Epoch 102
----------------------------
loss: 0.019899 [  256/  400]
Validation Error: 
Accuracy: 93.4%, Avg loss: 0.085022, Positive ratio: 0.567000
Validation loss improved, saving model
Epoch time: 0.42 seconds 

Epoch 103
----------------------------
loss: 0.019671 [  256/  400]
Validation Error: 
Accuracy: 93.8%, Avg loss: 0.082801, Positive ratio: 0.561000
Validation loss improved, saving model
Epoch time: 0.42 seconds 

Epoch 104
----------------------------
loss: 0.019243 [  256/  400]
Validation Error: 
Accuracy: 94.0%, Avg loss: 0.080563, Positive ratio: 0.559000
Validation loss improved, saving model
Epoch time: 0.42 seconds 

Epoch 105
----------------------------
loss: 0.019713 [  256/  400]
Validation Error: 
Accuracy: 94.3%, Avg loss: 0.078022, Positive ratio: 0.552000
Validation loss improved, saving model
Epoch time: 0.42 seconds 

Epoch 106
----------------------------
loss: 0.019017 [  256/  400]
Validation Error: 
Accuracy: 94.6%, Avg loss: 0.075411, Positive ratio: 0.547000
Validation loss improved, saving model
Epoch time: 0.42 seconds 

Epoch 107
----------------------------
loss: 0.018908 [  256/  400]
Validation Error: 
Accuracy: 94.7%, Avg loss: 0.073547, Positive ratio: 0.546000
Validation loss improved, saving model
Epoch time: 0.42 seconds 

Epoch 108
----------------------------
loss: 0.019157 [  256/  400]
Validation Error: 
Accuracy: 94.9%, Avg loss: 0.072164, Positive ratio: 0.544000
Validation loss improved, saving model
Epoch time: 0.42 seconds 

Epoch 109
----------------------------
loss: 0.019661 [  256/  400]
Validation Error: 
Accuracy: 94.9%, Avg loss: 0.070730, Positive ratio: 0.540000
Validation loss improved, saving model
Epoch time: 0.42 seconds 

Epoch 110
----------------------------
loss: 0.020078 [  256/  400]
Validation Error: 
Accuracy: 95.0%, Avg loss: 0.069737, Positive ratio: 0.539000
Validation loss improved, saving model
Epoch time: 0.42 seconds 

Epoch 111
----------------------------
loss: 0.019086 [  256/  400]
Validation Error: 
Accuracy: 95.0%, Avg loss: 0.069635, Positive ratio: 0.539000
Validation loss improved, saving model
Epoch time: 0.43 seconds 

Epoch 112
----------------------------
loss: 0.018819 [  256/  400]
Validation Error: 
Accuracy: 94.9%, Avg loss: 0.069318, Positive ratio: 0.538000
Validation loss improved, saving model
Epoch time: 0.42 seconds 

Epoch 113
----------------------------
loss: 0.018699 [  256/  400]
Validation Error: 
Accuracy: 95.0%, Avg loss: 0.068967, Positive ratio: 0.537000
Validation loss improved, saving model
Epoch time: 0.43 seconds 

Epoch 114
----------------------------
loss: 0.018869 [  256/  400]
Validation Error: 
Accuracy: 95.1%, Avg loss: 0.068379, Positive ratio: 0.536000
Validation loss improved, saving model
Epoch time: 0.43 seconds 

Epoch 115
----------------------------
loss: 0.018902 [  256/  400]
Validation Error: 
Accuracy: 95.1%, Avg loss: 0.067796, Positive ratio: 0.536000
Validation loss improved, saving model
Epoch time: 0.42 seconds 

Epoch 116
----------------------------
loss: 0.018792 [  256/  400]
Validation Error: 
Accuracy: 95.2%, Avg loss: 0.067672, Positive ratio: 0.535000
Validation loss improved, saving model
Epoch time: 0.42 seconds 

Epoch 117
----------------------------
loss: 0.018597 [  256/  400]
Validation Error: 
Accuracy: 95.4%, Avg loss: 0.067291, Positive ratio: 0.533000
Validation loss improved, saving model
Epoch time: 0.43 seconds 

Epoch 118
----------------------------
loss: 0.018104 [  256/  400]
Validation Error: 
Accuracy: 95.5%, Avg loss: 0.067030, Positive ratio: 0.532000
Validation loss improved, saving model
Epoch time: 0.42 seconds 

Epoch 119
----------------------------
loss: 0.018940 [  256/  400]
Validation Error: 
Accuracy: 95.9%, Avg loss: 0.066579, Positive ratio: 0.528000
Validation loss improved, saving model
Epoch time: 0.42 seconds 

Epoch 120
----------------------------
loss: 0.018219 [  256/  400]
Validation Error: 
Accuracy: 96.1%, Avg loss: 0.065948, Positive ratio: 0.526000
Validation loss improved, saving model
Epoch time: 0.42 seconds 

Epoch 121
----------------------------
loss: 0.018436 [  256/  400]
Validation Error: 
Accuracy: 96.1%, Avg loss: 0.065383, Positive ratio: 0.526000
Validation loss improved, saving model
Epoch time: 0.42 seconds 

Epoch 122
----------------------------
loss: 0.017936 [  256/  400]
Validation Error: 
Accuracy: 96.1%, Avg loss: 0.065111, Positive ratio: 0.524000
Validation loss improved, saving model
Epoch time: 0.42 seconds 

Epoch 123
----------------------------
loss: 0.018173 [  256/  400]
Validation Error: 
Accuracy: 96.1%, Avg loss: 0.065190, Positive ratio: 0.526000
Epoch time: 0.42 seconds 

Epoch 124
----------------------------
loss: 0.017425 [  256/  400]
Validation Error: 
Accuracy: 96.1%, Avg loss: 0.065422, Positive ratio: 0.526000
Epoch time: 0.42 seconds 

Epoch 125
----------------------------
loss: 0.017664 [  256/  400]
Validation Error: 
Accuracy: 96.1%, Avg loss: 0.065653, Positive ratio: 0.526000
Epoch time: 0.42 seconds 

Epoch 126
----------------------------
loss: 0.018017 [  256/  400]
Validation Error: 
Accuracy: 96.0%, Avg loss: 0.066042, Positive ratio: 0.527000
Epoch time: 0.42 seconds 

Epoch 127
----------------------------
loss: 0.017836 [  256/  400]
Validation Error: 
Accuracy: 96.0%, Avg loss: 0.066241, Positive ratio: 0.527000
Epoch time: 0.42 seconds 

Epoch 128
----------------------------
loss: 0.017368 [  256/  400]
Validation Error: 
Accuracy: 96.0%, Avg loss: 0.066405, Positive ratio: 0.527000
Epoch time: 0.42 seconds 

Epoch 129
----------------------------
loss: 0.017619 [  256/  400]
Validation Error: 
Accuracy: 96.0%, Avg loss: 0.066563, Positive ratio: 0.527000
Epoch time: 0.41 seconds 

Epoch 130
----------------------------
loss: 0.017366 [  256/  400]
Validation Error: 
Accuracy: 95.8%, Avg loss: 0.066719, Positive ratio: 0.529000
Epoch time: 0.41 seconds 

Epoch 131
----------------------------
loss: 0.017353 [  256/  400]
Validation Error: 
Accuracy: 95.5%, Avg loss: 0.067325, Positive ratio: 0.534000
Epoch time: 0.41 seconds 

Epoch 132
----------------------------
loss: 0.016985 [  256/  400]
Validation Error: 
Accuracy: 95.0%, Avg loss: 0.068246, Positive ratio: 0.539000
Epoch time: 0.41 seconds 

Epoch 133
----------------------------
loss: 0.017083 [  256/  400]
Validation Error: 
Accuracy: 94.9%, Avg loss: 0.069023, Positive ratio: 0.540000
Epoch time: 0.41 seconds 

Epoch 134
----------------------------
loss: 0.017201 [  256/  400]
Validation Error: 
Accuracy: 94.9%, Avg loss: 0.068559, Positive ratio: 0.540000
Epoch time: 0.41 seconds 

Epoch 135
----------------------------
loss: 0.016737 [  256/  400]
Validation Error: 
Accuracy: 95.0%, Avg loss: 0.067647, Positive ratio: 0.539000
Epoch time: 0.41 seconds 

Epoch 136
----------------------------
loss: 0.016875 [  256/  400]
Validation Error: 
Accuracy: 95.0%, Avg loss: 0.066888, Positive ratio: 0.539000
Epoch time: 0.41 seconds 

Epoch 137
----------------------------
loss: 0.017101 [  256/  400]
Validation Error: 
Accuracy: 95.1%, Avg loss: 0.066607, Positive ratio: 0.538000
Epoch time: 0.41 seconds 

Epoch 138
----------------------------
loss: 0.017939 [  256/  400]
Validation Error: 
Accuracy: 95.7%, Avg loss: 0.065168, Positive ratio: 0.530000
Epoch time: 0.41 seconds 

Epoch 139
----------------------------
loss: 0.017206 [  256/  400]
Validation Error: 
Accuracy: 95.9%, Avg loss: 0.064476, Positive ratio: 0.528000
Validation loss improved, saving model
Epoch time: 0.42 seconds 

Epoch 140
----------------------------
loss: 0.016852 [  256/  400]
Validation Error: 
Accuracy: 95.9%, Avg loss: 0.064270, Positive ratio: 0.528000
Validation loss improved, saving model
Epoch time: 0.42 seconds 

Epoch 141
----------------------------
loss: 0.016949 [  256/  400]
Validation Error: 
Accuracy: 95.8%, Avg loss: 0.064319, Positive ratio: 0.529000
Epoch time: 0.41 seconds 

Epoch 142
----------------------------
loss: 0.017071 [  256/  400]
Validation Error: 
Accuracy: 95.9%, Avg loss: 0.063719, Positive ratio: 0.528000
Validation loss improved, saving model
Epoch time: 0.42 seconds 

Epoch 143
----------------------------
loss: 0.017369 [  256/  400]
Validation Error: 
Accuracy: 95.9%, Avg loss: 0.063692, Positive ratio: 0.528000
Epoch time: 0.41 seconds 

Epoch 144
----------------------------
loss: 0.017141 [  256/  400]
Validation Error: 
Accuracy: 96.1%, Avg loss: 0.063245, Positive ratio: 0.526000
Validation loss improved, saving model
Epoch time: 0.43 seconds 

Epoch 145
----------------------------
loss: 0.018349 [  256/  400]
Validation Error: 
Accuracy: 96.0%, Avg loss: 0.063356, Positive ratio: 0.527000
Epoch time: 0.41 seconds 

Epoch 146
----------------------------
loss: 0.016849 [  256/  400]
Validation Error: 
Accuracy: 96.0%, Avg loss: 0.062997, Positive ratio: 0.527000
Validation loss improved, saving model
Epoch time: 0.42 seconds 

Epoch 147
----------------------------
loss: 0.017023 [  256/  400]
Validation Error: 
Accuracy: 96.0%, Avg loss: 0.062940, Positive ratio: 0.527000
Epoch time: 0.42 seconds 

Epoch 148
----------------------------
loss: 0.016987 [  256/  400]
Validation Error: 
Accuracy: 96.0%, Avg loss: 0.062784, Positive ratio: 0.527000
Validation loss improved, saving model
Epoch time: 0.42 seconds 

Epoch 149
----------------------------
loss: 0.016890 [  256/  400]
Validation Error: 
Accuracy: 96.2%, Avg loss: 0.062359, Positive ratio: 0.525000
Validation loss improved, saving model
Epoch time: 0.42 seconds 

Epoch 150
----------------------------
loss: 0.016550 [  256/  400]
Validation Error: 
Accuracy: 96.2%, Avg loss: 0.062322, Positive ratio: 0.525000
Epoch time: 0.42 seconds 

Epoch 151
----------------------------
loss: 0.016775 [  256/  400]
Validation Error: 
Accuracy: 96.2%, Avg loss: 0.062213, Positive ratio: 0.525000
Validation loss improved, saving model
Epoch time: 0.42 seconds 

Epoch 152
----------------------------
loss: 0.017062 [  256/  400]
Validation Error: 
Accuracy: 96.2%, Avg loss: 0.061864, Positive ratio: 0.525000
Validation loss improved, saving model
Epoch time: 0.42 seconds 

Epoch 153
----------------------------
loss: 0.016756 [  256/  400]
Validation Error: 
Accuracy: 96.2%, Avg loss: 0.061794, Positive ratio: 0.525000
Epoch time: 0.42 seconds 

Epoch 154
----------------------------
loss: 0.018944 [  256/  400]
Validation Error: 
Accuracy: 96.1%, Avg loss: 0.062270, Positive ratio: 0.526000
Epoch time: 0.41 seconds 

Epoch 155
----------------------------
loss: 0.017021 [  256/  400]
Validation Error: 
Accuracy: 96.2%, Avg loss: 0.061826, Positive ratio: 0.525000
Epoch time: 0.41 seconds 

Epoch 156
----------------------------
loss: 0.017122 [  256/  400]
Validation Error: 
Accuracy: 96.1%, Avg loss: 0.061901, Positive ratio: 0.526000
Epoch time: 0.41 seconds 

Epoch 157
----------------------------
loss: 0.016598 [  256/  400]
Validation Error: 
Accuracy: 96.2%, Avg loss: 0.061692, Positive ratio: 0.525000
Validation loss improved, saving model
Epoch time: 0.42 seconds 

Epoch 158
----------------------------
loss: 0.016880 [  256/  400]
Validation Error: 
Accuracy: 96.3%, Avg loss: 0.061336, Positive ratio: 0.524000
Validation loss improved, saving model
Epoch time: 0.42 seconds 

Epoch 159
----------------------------
loss: 0.016918 [  256/  400]
Validation Error: 
Accuracy: 96.3%, Avg loss: 0.060958, Positive ratio: 0.522000
Validation loss improved, saving model
Epoch time: 0.42 seconds 

Epoch 160
----------------------------
loss: 0.016779 [  256/  400]
Validation Error: 
Accuracy: 96.4%, Avg loss: 0.061114, Positive ratio: 0.523000
Epoch time: 0.41 seconds 

Epoch 161
----------------------------
loss: 0.016425 [  256/  400]
Validation Error: 
Accuracy: 96.4%, Avg loss: 0.061179, Positive ratio: 0.523000
Epoch time: 0.41 seconds 

Epoch 162
----------------------------
loss: 0.016424 [  256/  400]
Validation Error: 
Accuracy: 96.4%, Avg loss: 0.061070, Positive ratio: 0.523000
Epoch time: 0.42 seconds 

Epoch 163
----------------------------
loss: 0.017071 [  256/  400]
Validation Error: 
Accuracy: 96.4%, Avg loss: 0.061235, Positive ratio: 0.523000
Epoch time: 0.41 seconds 

Epoch 164
----------------------------
loss: 0.017083 [  256/  400]
Validation Error: 
Accuracy: 96.3%, Avg loss: 0.060960, Positive ratio: 0.522000
Epoch time: 0.41 seconds 

Epoch 165
----------------------------
loss: 0.016503 [  256/  400]
Validation Error: 
Accuracy: 96.3%, Avg loss: 0.060880, Positive ratio: 0.522000
Epoch time: 0.41 seconds 

Epoch 166
----------------------------
loss: 0.016443 [  256/  400]
Validation Error: 
Accuracy: 96.3%, Avg loss: 0.060689, Positive ratio: 0.522000
Validation loss improved, saving model
Epoch time: 0.42 seconds 

Epoch 167
----------------------------
loss: 0.016472 [  256/  400]
Validation Error: 
Accuracy: 96.3%, Avg loss: 0.060667, Positive ratio: 0.522000
Epoch time: 0.42 seconds 

Epoch 168
----------------------------
loss: 0.016771 [  256/  400]
Validation Error: 
Accuracy: 96.3%, Avg loss: 0.060656, Positive ratio: 0.522000
Epoch time: 0.42 seconds 

Epoch 169
----------------------------
loss: 0.016654 [  256/  400]
Validation Error: 
Accuracy: 96.4%, Avg loss: 0.061004, Positive ratio: 0.523000
Epoch time: 0.41 seconds 

Epoch 170
----------------------------
loss: 0.016486 [  256/  400]
Validation Error: 
Accuracy: 96.3%, Avg loss: 0.061149, Positive ratio: 0.524000
Epoch time: 0.42 seconds 

Epoch 171
----------------------------
loss: 0.016694 [  256/  400]
Validation Error: 
Accuracy: 96.3%, Avg loss: 0.061114, Positive ratio: 0.524000
Epoch time: 0.41 seconds 

Epoch 172
----------------------------
loss: 0.016529 [  256/  400]
Validation Error: 
Accuracy: 96.2%, Avg loss: 0.061324, Positive ratio: 0.525000
Epoch time: 0.41 seconds 

Epoch 173
----------------------------
loss: 0.016764 [  256/  400]
Validation Error: 
Accuracy: 96.3%, Avg loss: 0.061131, Positive ratio: 0.524000
Epoch time: 0.41 seconds 

Epoch 174
----------------------------
loss: 0.016443 [  256/  400]
Validation Error: 
Accuracy: 96.3%, Avg loss: 0.061162, Positive ratio: 0.524000
Epoch time: 0.41 seconds 

Epoch 175
----------------------------
loss: 0.019347 [  256/  400]
Validation Error: 
Accuracy: 96.1%, Avg loss: 0.061733, Positive ratio: 0.526000
Epoch time: 0.41 seconds 

Epoch 176
----------------------------
loss: 0.016526 [  256/  400]
Validation Error: 
Accuracy: 96.1%, Avg loss: 0.061559, Positive ratio: 0.526000
Epoch time: 0.41 seconds 

Epoch 177
----------------------------
loss: 0.016782 [  256/  400]
Validation Error: 
Accuracy: 96.3%, Avg loss: 0.061083, Positive ratio: 0.524000
Epoch time: 0.41 seconds 

Epoch 178
----------------------------
loss: 0.016704 [  256/  400]
Validation Error: 
Accuracy: 96.3%, Avg loss: 0.061137, Positive ratio: 0.524000
Epoch time: 0.41 seconds 

Epoch 179
----------------------------
loss: 0.016999 [  256/  400]
Validation Error: 
Accuracy: 96.3%, Avg loss: 0.061319, Positive ratio: 0.524000
Epoch time: 0.41 seconds 

Epoch 180
----------------------------
loss: 0.016514 [  256/  400]
Validation Error: 
Accuracy: 96.3%, Avg loss: 0.061197, Positive ratio: 0.524000
Epoch time: 0.41 seconds 

Epoch 181
----------------------------
loss: 0.017820 [  256/  400]
Validation Error: 
Accuracy: 96.3%, Avg loss: 0.060564, Positive ratio: 0.522000
Validation loss improved, saving model
Epoch time: 0.42 seconds 

Epoch 182
----------------------------
loss: 0.017334 [  256/  400]
Validation Error: 
Accuracy: 96.4%, Avg loss: 0.060822, Positive ratio: 0.523000
Epoch time: 0.41 seconds 

Epoch 183
----------------------------
loss: 0.016746 [  256/  400]
Validation Error: 
Accuracy: 96.4%, Avg loss: 0.060740, Positive ratio: 0.523000
Epoch time: 0.41 seconds 

Epoch 184
----------------------------
loss: 0.017029 [  256/  400]
Validation Error: 
Accuracy: 96.3%, Avg loss: 0.060309, Positive ratio: 0.522000
Validation loss improved, saving model
Epoch time: 0.42 seconds 

Epoch 185
----------------------------
loss: 0.016934 [  256/  400]
Validation Error: 
Accuracy: 96.4%, Avg loss: 0.060586, Positive ratio: 0.523000
Epoch time: 0.41 seconds 

Epoch 186
----------------------------
loss: 0.016663 [  256/  400]
Validation Error: 
Accuracy: 96.4%, Avg loss: 0.060455, Positive ratio: 0.523000
Epoch time: 0.41 seconds 

Epoch 187
----------------------------
loss: 0.017922 [  256/  400]
Validation Error: 
Accuracy: 96.3%, Avg loss: 0.060127, Positive ratio: 0.522000
Validation loss improved, saving model
Epoch time: 0.42 seconds 

Epoch 188
----------------------------
loss: 0.016769 [  256/  400]
Validation Error: 
Accuracy: 96.3%, Avg loss: 0.060340, Positive ratio: 0.522000
Epoch time: 0.41 seconds 

Epoch 189
----------------------------
loss: 0.016706 [  256/  400]
Validation Error: 
Accuracy: 96.4%, Avg loss: 0.060386, Positive ratio: 0.523000
Epoch time: 0.41 seconds 

Epoch 190
----------------------------
loss: 0.017133 [  256/  400]
Validation Error: 
Accuracy: 96.4%, Avg loss: 0.060496, Positive ratio: 0.523000
Epoch time: 0.41 seconds 

Epoch 191
----------------------------
loss: 0.016646 [  256/  400]
Validation Error: 
Accuracy: 96.4%, Avg loss: 0.060326, Positive ratio: 0.523000
Epoch time: 0.41 seconds 

Epoch 192
----------------------------
loss: 0.016719 [  256/  400]
Validation Error: 
Accuracy: 96.3%, Avg loss: 0.060634, Positive ratio: 0.524000
Epoch time: 0.41 seconds 

Epoch 193
----------------------------
loss: 0.017105 [  256/  400]
Validation Error: 
Accuracy: 96.3%, Avg loss: 0.060210, Positive ratio: 0.522000
Epoch time: 0.41 seconds 

Epoch 194
----------------------------
loss: 0.016605 [  256/  400]
Validation Error: 
Accuracy: 96.4%, Avg loss: 0.059905, Positive ratio: 0.521000
Validation loss improved, saving model
Epoch time: 0.42 seconds 

Epoch 195
----------------------------
loss: 0.016762 [  256/  400]
Validation Error: 
Accuracy: 96.5%, Avg loss: 0.059718, Positive ratio: 0.518000
Validation loss improved, saving model
Epoch time: 0.42 seconds 

Epoch 196
----------------------------
loss: 0.017156 [  256/  400]
Validation Error: 
Accuracy: 96.5%, Avg loss: 0.059657, Positive ratio: 0.518000
Epoch time: 0.41 seconds 

Epoch 197
----------------------------
loss: 0.016535 [  256/  400]
Validation Error: 
Accuracy: 96.4%, Avg loss: 0.059920, Positive ratio: 0.521000
Epoch time: 0.41 seconds 

Epoch 198
----------------------------
loss: 0.017329 [  256/  400]
Validation Error: 
Accuracy: 96.4%, Avg loss: 0.060317, Positive ratio: 0.523000
Epoch time: 0.41 seconds 

Epoch 199
----------------------------
loss: 0.016690 [  256/  400]
Validation Error: 
Accuracy: 96.4%, Avg loss: 0.060449, Positive ratio: 0.523000
Epoch time: 0.41 seconds 

Epoch 200
----------------------------
loss: 0.016303 [  256/  400]
Validation Error: 
Accuracy: 96.3%, Avg loss: 0.060201, Positive ratio: 0.522000
Epoch time: 0.41 seconds 

Epoch 201
----------------------------
loss: 0.016456 [  256/  400]
Validation Error: 
Accuracy: 96.3%, Avg loss: 0.060164, Positive ratio: 0.522000
Epoch time: 0.41 seconds 

Epoch 202
----------------------------
loss: 0.016380 [  256/  400]
Validation Error: 
Accuracy: 96.3%, Avg loss: 0.060125, Positive ratio: 0.522000
Epoch time: 0.41 seconds 

Epoch 203
----------------------------
loss: 0.016920 [  256/  400]
Validation Error: 
Accuracy: 96.3%, Avg loss: 0.060247, Positive ratio: 0.522000
Epoch time: 0.41 seconds 

Epoch 204
----------------------------
loss: 0.016517 [  256/  400]
Validation Error: 
Accuracy: 96.3%, Avg loss: 0.060251, Positive ratio: 0.522000
Epoch time: 0.41 seconds 

Epoch 205
----------------------------
loss: 0.017245 [  256/  400]
Validation Error: 
Accuracy: 96.4%, Avg loss: 0.060492, Positive ratio: 0.523000
Epoch time: 0.41 seconds 

Epoch 206
----------------------------
loss: 0.016796 [  256/  400]
Validation Error: 
Accuracy: 96.4%, Avg loss: 0.060287, Positive ratio: 0.523000
Epoch time: 0.41 seconds 

Epoch 207
----------------------------
loss: 0.016562 [  256/  400]
Validation Error: 
Accuracy: 96.4%, Avg loss: 0.060344, Positive ratio: 0.523000
Epoch time: 0.42 seconds 

Epoch 208
----------------------------
loss: 0.016667 [  256/  400]
Validation Error: 
Accuracy: 96.3%, Avg loss: 0.060512, Positive ratio: 0.524000
Epoch time: 0.41 seconds 

Epoch 209
----------------------------
loss: 0.016476 [  256/  400]
Validation Error: 
Accuracy: 96.4%, Avg loss: 0.060377, Positive ratio: 0.523000
Epoch time: 0.41 seconds 

Epoch 210
----------------------------
loss: 0.016260 [  256/  400]
Validation Error: 
Accuracy: 96.4%, Avg loss: 0.060352, Positive ratio: 0.523000
Epoch time: 0.41 seconds 

Epoch 211
----------------------------
loss: 0.019241 [  256/  400]
Validation Error: 
Accuracy: 96.1%, Avg loss: 0.061033, Positive ratio: 0.526000
Epoch time: 0.41 seconds 

Epoch 212
----------------------------
loss: 0.016953 [  256/  400]
Validation Error: 
Accuracy: 96.2%, Avg loss: 0.060740, Positive ratio: 0.525000
Epoch time: 0.42 seconds 

Epoch 213
----------------------------
loss: 0.016354 [  256/  400]
Validation Error: 
Accuracy: 96.4%, Avg loss: 0.060429, Positive ratio: 0.523000
Epoch time: 0.41 seconds 

Epoch 214
----------------------------
loss: 0.016506 [  256/  400]
Validation Error: 
Accuracy: 96.4%, Avg loss: 0.060382, Positive ratio: 0.523000
Epoch time: 0.41 seconds 

Epoch 215
----------------------------
loss: 0.016656 [  256/  400]
Validation Error: 
Accuracy: 96.3%, Avg loss: 0.060597, Positive ratio: 0.524000
Early stopping with minimum validation loss of 0.05971806365251541, max accuracy of 0.965
Done! Total training time: 1 minutes, 31.02 seconds, average epoch time: 0.09 seconds
