Using reduced dataset of 4000 examples
Using cuda device
==========================================================================================
Layer (type:depth-idx)                   Output Shape              Param #
==========================================================================================
CNN                                      [256, 100]                --
├─Sequential: 1-1                        [256, 1, 128, 128]        --
├─Sequential: 1-2                        [256, 8192]               --
│    └─Sequential: 2-1                   [256, 16, 64, 64]         --
│    │    └─Conv2d: 3-1                  [256, 16, 128, 128]       160
│    │    └─LeakyReLU: 3-2               [256, 16, 128, 128]       --
│    │    └─BatchNorm2d: 3-3             [256, 16, 128, 128]       32
│    │    └─Conv2d: 3-4                  [256, 16, 128, 128]       2,320
│    │    └─LeakyReLU: 3-5               [256, 16, 128, 128]       --
│    │    └─BatchNorm2d: 3-6             [256, 16, 128, 128]       32
│    │    └─MaxPool2d: 3-7               [256, 16, 64, 64]         --
│    └─Sequential: 2-2                   [256, 32, 32, 32]         --
│    │    └─Conv2d: 3-8                  [256, 32, 64, 64]         4,640
│    │    └─LeakyReLU: 3-9               [256, 32, 64, 64]         --
│    │    └─BatchNorm2d: 3-10            [256, 32, 64, 64]         64
│    │    └─Conv2d: 3-11                 [256, 32, 64, 64]         9,248
│    │    └─LeakyReLU: 3-12              [256, 32, 64, 64]         --
│    │    └─BatchNorm2d: 3-13            [256, 32, 64, 64]         64
│    │    └─MaxPool2d: 3-14              [256, 32, 32, 32]         --
│    └─Sequential: 2-3                   [256, 64, 16, 16]         --
│    │    └─Conv2d: 3-15                 [256, 64, 32, 32]         18,496
│    │    └─LeakyReLU: 3-16              [256, 64, 32, 32]         --
│    │    └─BatchNorm2d: 3-17            [256, 64, 32, 32]         128
│    │    └─Conv2d: 3-18                 [256, 64, 32, 32]         36,928
│    │    └─LeakyReLU: 3-19              [256, 64, 32, 32]         --
│    │    └─BatchNorm2d: 3-20            [256, 64, 32, 32]         128
│    │    └─MaxPool2d: 3-21              [256, 64, 16, 16]         --
│    └─Sequential: 2-4                   [256, 128, 8, 8]          --
│    │    └─Conv2d: 3-22                 [256, 128, 16, 16]        73,856
│    │    └─LeakyReLU: 3-23              [256, 128, 16, 16]        --
│    │    └─BatchNorm2d: 3-24            [256, 128, 16, 16]        256
│    │    └─Conv2d: 3-25                 [256, 128, 16, 16]        147,584
│    │    └─LeakyReLU: 3-26              [256, 128, 16, 16]        --
│    │    └─BatchNorm2d: 3-27            [256, 128, 16, 16]        256
│    │    └─MaxPool2d: 3-28              [256, 128, 8, 8]          --
│    └─Flatten: 2-5                      [256, 8192]               --
├─Sequential: 1-3                        [256, 100]                --
│    └─Sequential: 2-6                   [256, 100]                --
│    │    └─Linear: 3-29                 [256, 100]                819,300
│    │    └─LeakyReLU: 3-30              [256, 100]                --
│    │    └─Dropout: 3-31                [256, 100]                --
│    │    └─BatchNorm1d: 3-32            [256, 100]                200
│    └─Linear: 2-7                       [256, 100]                10,100
├─Sigmoid: 1-4                           [256, 100]                --
==========================================================================================
Total params: 1,123,792
Trainable params: 1,123,792
Non-trainable params: 0
Total mult-adds (Units.GIGABYTES): 54.22
==========================================================================================
Input size (MB): 16.78
Forward/backward pass size (MB): 4027.15
Params size (MB): 4.50
Estimated Total Size (MB): 4048.42
==========================================================================================
Training CNN 

Epoch 1
----------------------------
loss: 0.424152 [  256/ 4000]
loss: 0.366899 [ 1280/ 4000]
loss: 0.324249 [ 2304/ 4000]
loss: 0.296908 [ 3328/ 4000]
Validation Error: 
Accuracy: 50.5%, Avg loss: 0.420884, Positive ratio: 1.000000
Validation loss improved, saving model
Epoch time: 3.06 seconds 

Epoch 2
----------------------------
loss: 0.261500 [  256/ 4000]
loss: 0.217565 [ 1280/ 4000]
loss: 0.196088 [ 2304/ 4000]
loss: 0.156666 [ 3328/ 4000]
Validation Error: 
Accuracy: 50.5%, Avg loss: 0.449061, Positive ratio: 1.000000
Epoch time: 1.40 seconds 

Epoch 3
----------------------------
loss: 0.119701 [  256/ 4000]
loss: 0.099456 [ 1280/ 4000]
loss: 0.084810 [ 2304/ 4000]
loss: 0.077848 [ 3328/ 4000]
Validation Error: 
Accuracy: 50.5%, Avg loss: 0.455183, Positive ratio: 1.000000
Epoch time: 1.40 seconds 

Epoch 4
----------------------------
loss: 0.064776 [  256/ 4000]
loss: 0.075843 [ 1280/ 4000]
loss: 0.063883 [ 2304/ 4000]
loss: 0.055665 [ 3328/ 4000]
Validation Error: 
Accuracy: 50.5%, Avg loss: 0.474152, Positive ratio: 1.000000
Epoch time: 1.40 seconds 

Epoch 5
----------------------------
loss: 0.051328 [  256/ 4000]
loss: 0.043594 [ 1280/ 4000]
loss: 0.054685 [ 2304/ 4000]
loss: 0.042374 [ 3328/ 4000]
Validation Error: 
Accuracy: 50.5%, Avg loss: 0.483404, Positive ratio: 1.000000
Epoch time: 1.40 seconds 

Epoch 6
----------------------------
loss: 0.033082 [  256/ 4000]
loss: 0.043383 [ 1280/ 4000]
loss: 0.062974 [ 2304/ 4000]
loss: 0.060234 [ 3328/ 4000]
Validation Error: 
Accuracy: 87.1%, Avg loss: 0.125121, Positive ratio: 0.634000
Validation loss improved, saving model
Epoch time: 1.41 seconds 

Epoch 7
----------------------------
loss: 0.038729 [  256/ 4000]
loss: 0.026886 [ 1280/ 4000]
loss: 0.032027 [ 2304/ 4000]
loss: 0.021967 [ 3328/ 4000]
Validation Error: 
Accuracy: 98.0%, Avg loss: 0.046657, Positive ratio: 0.505000
Validation loss improved, saving model
Epoch time: 1.42 seconds 

Epoch 8
----------------------------
loss: 0.016978 [  256/ 4000]
loss: 0.037499 [ 1280/ 4000]
loss: 0.022967 [ 2304/ 4000]
loss: 0.019336 [ 3328/ 4000]
Validation Error: 
Accuracy: 83.9%, Avg loss: 0.185341, Positive ratio: 0.666000
Epoch time: 1.40 seconds 

Epoch 9
----------------------------
loss: 0.031868 [  256/ 4000]
loss: 0.043555 [ 1280/ 4000]
loss: 0.027783 [ 2304/ 4000]
loss: 0.025681 [ 3328/ 4000]
Validation Error: 
Accuracy: 85.4%, Avg loss: 0.139248, Positive ratio: 0.359000
Epoch time: 1.40 seconds 

Epoch 10
----------------------------
loss: 0.016863 [  256/ 4000]
loss: 0.026915 [ 1280/ 4000]
loss: 0.023921 [ 2304/ 4000]
loss: 0.020027 [ 3328/ 4000]
Validation Error: 
Accuracy: 97.9%, Avg loss: 0.025437, Positive ratio: 0.490000
Validation loss improved, saving model
Epoch time: 1.42 seconds 

Epoch 11
----------------------------
loss: 0.030171 [  256/ 4000]
loss: 0.039685 [ 1280/ 4000]
loss: 0.025932 [ 2304/ 4000]
loss: 0.029937 [ 3328/ 4000]
Validation Error: 
Accuracy: 88.1%, Avg loss: 0.103064, Positive ratio: 0.624000
Epoch time: 1.41 seconds 

Epoch 12
----------------------------
loss: 0.028121 [  256/ 4000]
loss: 0.038301 [ 1280/ 4000]
loss: 0.021330 [ 2304/ 4000]
loss: 0.047258 [ 3328/ 4000]
Validation Error: 
Accuracy: 96.1%, Avg loss: 0.035941, Positive ratio: 0.540000
Epoch time: 1.41 seconds 

Epoch 13
----------------------------
loss: 0.043056 [  256/ 4000]
loss: 0.019035 [ 1280/ 4000]
loss: 0.015543 [ 2304/ 4000]
loss: 0.023193 [ 3328/ 4000]
Validation Error: 
Accuracy: 98.5%, Avg loss: 0.020569, Positive ratio: 0.514000
Validation loss improved, saving model
Epoch time: 1.42 seconds 

Epoch 14
----------------------------
loss: 0.006907 [  256/ 4000]
loss: 0.017080 [ 1280/ 4000]
loss: 0.010235 [ 2304/ 4000]
loss: 0.023578 [ 3328/ 4000]
Validation Error: 
Accuracy: 83.2%, Avg loss: 0.157912, Positive ratio: 0.337000
Epoch time: 1.41 seconds 

Epoch 15
----------------------------
loss: 0.022159 [  256/ 4000]
loss: 0.015413 [ 1280/ 4000]
loss: 0.013592 [ 2304/ 4000]
loss: 0.016457 [ 3328/ 4000]
Validation Error: 
Accuracy: 90.0%, Avg loss: 0.090366, Positive ratio: 0.405000
Epoch time: 1.41 seconds 

Epoch 16
----------------------------
loss: 0.015649 [  256/ 4000]
loss: 0.014466 [ 1280/ 4000]
loss: 0.017083 [ 2304/ 4000]
loss: 0.023214 [ 3328/ 4000]
Validation Error: 
Accuracy: 81.1%, Avg loss: 0.171512, Positive ratio: 0.694000
Epoch time: 1.40 seconds 

Epoch 17
----------------------------
loss: 0.032227 [  256/ 4000]
loss: 0.008954 [ 1280/ 4000]
loss: 0.020017 [ 2304/ 4000]
loss: 0.008510 [ 3328/ 4000]
Validation Error: 
Accuracy: 86.5%, Avg loss: 0.130189, Positive ratio: 0.370000
Epoch time: 1.41 seconds 

Epoch 18
----------------------------
loss: 0.015265 [  256/ 4000]
loss: 0.051821 [ 1280/ 4000]
loss: 0.016009 [ 2304/ 4000]
loss: 0.015828 [ 3328/ 4000]
Validation Error: 
Accuracy: 94.6%, Avg loss: 0.041982, Positive ratio: 0.559000
Epoch time: 1.41 seconds 

Epoch 19
----------------------------
loss: 0.006802 [  256/ 4000]
loss: 0.003882 [ 1280/ 4000]
loss: 0.017865 [ 2304/ 4000]
loss: 0.030664 [ 3328/ 4000]
Validation Error: 
Accuracy: 98.4%, Avg loss: 0.016185, Positive ratio: 0.513000
Validation loss improved, saving model
Epoch time: 1.42 seconds 

Epoch 20
----------------------------
loss: 0.008516 [  256/ 4000]
loss: 0.006081 [ 1280/ 4000]
loss: 0.012317 [ 2304/ 4000]
loss: 0.009945 [ 3328/ 4000]
Validation Error: 
Accuracy: 97.7%, Avg loss: 0.026311, Positive ratio: 0.528000
Epoch time: 1.41 seconds 

Epoch 21
----------------------------
loss: 0.005829 [  256/ 4000]
loss: 0.043232 [ 1280/ 4000]
loss: 0.017540 [ 2304/ 4000]
loss: 0.008019 [ 3328/ 4000]
Validation Error: 
Accuracy: 93.3%, Avg loss: 0.059598, Positive ratio: 0.438000
Epoch time: 1.41 seconds 

Epoch 22
----------------------------
loss: 0.006262 [  256/ 4000]
loss: 0.015348 [ 1280/ 4000]
loss: 0.013468 [ 2304/ 4000]
loss: 0.010866 [ 3328/ 4000]
Validation Error: 
Accuracy: 91.8%, Avg loss: 0.071843, Positive ratio: 0.587000
Epoch time: 1.41 seconds 

Epoch 23
----------------------------
loss: 0.009540 [  256/ 4000]
loss: 0.011999 [ 1280/ 4000]
loss: 0.009371 [ 2304/ 4000]
loss: 0.005556 [ 3328/ 4000]
Validation Error: 
Accuracy: 98.0%, Avg loss: 0.020589, Positive ratio: 0.489000
Epoch time: 1.41 seconds 

Epoch 24
----------------------------
loss: 0.011541 [  256/ 4000]
loss: 0.010784 [ 1280/ 4000]
loss: 0.004816 [ 2304/ 4000]
loss: 0.021259 [ 3328/ 4000]
Validation Error: 
Accuracy: 93.7%, Avg loss: 0.058446, Positive ratio: 0.442000
Epoch time: 1.41 seconds 

Epoch 25
----------------------------
loss: 0.009818 [  256/ 4000]
loss: 0.009758 [ 1280/ 4000]
loss: 0.025318 [ 2304/ 4000]
loss: 0.036698 [ 3328/ 4000]
Validation Error: 
Accuracy: 93.9%, Avg loss: 0.054183, Positive ratio: 0.566000
Epoch time: 1.40 seconds 

Epoch 26
----------------------------
loss: 0.015718 [  256/ 4000]
loss: 0.008031 [ 1280/ 4000]
loss: 0.019268 [ 2304/ 4000]
loss: 0.013061 [ 3328/ 4000]
Validation Error: 
Accuracy: 97.8%, Avg loss: 0.019519, Positive ratio: 0.509000
Epoch time: 1.41 seconds 

Epoch 27
----------------------------
loss: 0.011941 [  256/ 4000]
loss: 0.010750 [ 1280/ 4000]
loss: 0.007110 [ 2304/ 4000]
loss: 0.004494 [ 3328/ 4000]
Validation Error: 
Accuracy: 97.8%, Avg loss: 0.019197, Positive ratio: 0.487000
Epoch time: 1.41 seconds 

Epoch 28
----------------------------
loss: 0.011875 [  256/ 4000]
loss: 0.003660 [ 1280/ 4000]
loss: 0.006742 [ 2304/ 4000]
loss: 0.005554 [ 3328/ 4000]
Validation Error: 
Accuracy: 97.6%, Avg loss: 0.021648, Positive ratio: 0.485000
Epoch time: 1.41 seconds 

Epoch 29
----------------------------
loss: 0.004575 [  256/ 4000]
loss: 0.014987 [ 1280/ 4000]
loss: 0.009798 [ 2304/ 4000]
loss: 0.008494 [ 3328/ 4000]
Validation Error: 
Accuracy: 97.7%, Avg loss: 0.019438, Positive ratio: 0.494000
Epoch time: 1.42 seconds 

Epoch 30
----------------------------
loss: 0.005214 [  256/ 4000]
loss: 0.003247 [ 1280/ 4000]
loss: 0.002603 [ 2304/ 4000]
loss: 0.019138 [ 3328/ 4000]
Validation Error: 
Accuracy: 97.7%, Avg loss: 0.021713, Positive ratio: 0.500000
Epoch time: 1.41 seconds 

Epoch 31
----------------------------
loss: 0.013384 [  256/ 4000]
loss: 0.002592 [ 1280/ 4000]
loss: 0.019520 [ 2304/ 4000]
loss: 0.001722 [ 3328/ 4000]
Validation Error: 
Accuracy: 97.7%, Avg loss: 0.021780, Positive ratio: 0.524000
Epoch time: 1.42 seconds 

Epoch 32
----------------------------
loss: 0.004943 [  256/ 4000]
loss: 0.003522 [ 1280/ 4000]
loss: 0.014700 [ 2304/ 4000]
loss: 0.017362 [ 3328/ 4000]
Validation Error: 
Accuracy: 98.2%, Avg loss: 0.017308, Positive ratio: 0.491000
Epoch time: 1.41 seconds 

Epoch 33
----------------------------
loss: 0.002461 [  256/ 4000]
loss: 0.004676 [ 1280/ 4000]
loss: 0.003729 [ 2304/ 4000]
loss: 0.002280 [ 3328/ 4000]
Validation Error: 
Accuracy: 98.3%, Avg loss: 0.015307, Positive ratio: 0.504000
Validation loss improved, saving model
Epoch time: 1.41 seconds 

Epoch 34
----------------------------
loss: 0.009687 [  256/ 4000]
loss: 0.002211 [ 1280/ 4000]
loss: 0.008250 [ 2304/ 4000]
loss: 0.011612 [ 3328/ 4000]
Validation Error: 
Accuracy: 98.6%, Avg loss: 0.014726, Positive ratio: 0.511000
Validation loss improved, saving model
Epoch time: 1.41 seconds 

Epoch 35
----------------------------
loss: 0.001675 [  256/ 4000]
loss: 0.001687 [ 1280/ 4000]
loss: 0.006802 [ 2304/ 4000]
loss: 0.002304 [ 3328/ 4000]
Validation Error: 
Accuracy: 98.0%, Avg loss: 0.019434, Positive ratio: 0.489000
Epoch time: 1.41 seconds 

Epoch 36
----------------------------
loss: 0.000901 [  256/ 4000]
loss: 0.006478 [ 1280/ 4000]
loss: 0.009116 [ 2304/ 4000]
loss: 0.003176 [ 3328/ 4000]
Validation Error: 
Accuracy: 98.7%, Avg loss: 0.015353, Positive ratio: 0.512000
Epoch time: 1.41 seconds 

Epoch 37
----------------------------
loss: 0.002316 [  256/ 4000]
loss: 0.001557 [ 1280/ 4000]
loss: 0.000990 [ 2304/ 4000]
loss: 0.004114 [ 3328/ 4000]
Validation Error: 
Accuracy: 98.5%, Avg loss: 0.015912, Positive ratio: 0.500000
Epoch time: 1.41 seconds 

Epoch 38
----------------------------
loss: 0.003411 [  256/ 4000]
loss: 0.002717 [ 1280/ 4000]
loss: 0.001481 [ 2304/ 4000]
loss: 0.002995 [ 3328/ 4000]
Validation Error: 
Accuracy: 98.4%, Avg loss: 0.014863, Positive ratio: 0.505000
Epoch time: 1.43 seconds 

Epoch 39
----------------------------
loss: 0.001111 [  256/ 4000]
loss: 0.000889 [ 1280/ 4000]
loss: 0.003111 [ 2304/ 4000]
loss: 0.004730 [ 3328/ 4000]
Validation Error: 
Accuracy: 98.4%, Avg loss: 0.016427, Positive ratio: 0.497000
Epoch time: 1.44 seconds 

Epoch 40
----------------------------
loss: 0.001265 [  256/ 4000]
loss: 0.002720 [ 1280/ 4000]
loss: 0.002078 [ 2304/ 4000]
loss: 0.001101 [ 3328/ 4000]
Validation Error: 
Accuracy: 98.1%, Avg loss: 0.016223, Positive ratio: 0.502000
Epoch time: 1.43 seconds 

Epoch 41
----------------------------
loss: 0.001257 [  256/ 4000]
loss: 0.001356 [ 1280/ 4000]
loss: 0.001301 [ 2304/ 4000]
loss: 0.007002 [ 3328/ 4000]
Validation Error: 
Accuracy: 98.4%, Avg loss: 0.016715, Positive ratio: 0.493000
Epoch time: 1.44 seconds 

Epoch 42
----------------------------
loss: 0.001546 [  256/ 4000]
loss: 0.002453 [ 1280/ 4000]
loss: 0.001329 [ 2304/ 4000]
loss: 0.001770 [ 3328/ 4000]
Validation Error: 
Accuracy: 98.6%, Avg loss: 0.014464, Positive ratio: 0.511000
Validation loss improved, saving model
Epoch time: 1.44 seconds 

Epoch 43
----------------------------
loss: 0.002178 [  256/ 4000]
loss: 0.005317 [ 1280/ 4000]
loss: 0.002819 [ 2304/ 4000]
loss: 0.001044 [ 3328/ 4000]
Validation Error: 
Accuracy: 98.4%, Avg loss: 0.016080, Positive ratio: 0.501000
Epoch time: 1.41 seconds 

Epoch 44
----------------------------
loss: 0.001353 [  256/ 4000]
loss: 0.002292 [ 1280/ 4000]
loss: 0.025888 [ 2304/ 4000]
loss: 0.003535 [ 3328/ 4000]
Validation Error: 
Accuracy: 98.2%, Avg loss: 0.017403, Positive ratio: 0.491000
Epoch time: 1.40 seconds 

Epoch 45
----------------------------
loss: 0.001050 [  256/ 4000]
loss: 0.002107 [ 1280/ 4000]
loss: 0.002570 [ 2304/ 4000]
loss: 0.001462 [ 3328/ 4000]
Validation Error: 
Accuracy: 98.5%, Avg loss: 0.014690, Positive ratio: 0.506000
Epoch time: 1.40 seconds 

Epoch 46
----------------------------
loss: 0.004223 [  256/ 4000]
loss: 0.005445 [ 1280/ 4000]
loss: 0.006215 [ 2304/ 4000]
loss: 0.001412 [ 3328/ 4000]
Validation Error: 
Accuracy: 98.7%, Avg loss: 0.014776, Positive ratio: 0.510000
Epoch time: 1.40 seconds 

Epoch 47
----------------------------
loss: 0.003503 [  256/ 4000]
loss: 0.001017 [ 1280/ 4000]
loss: 0.006014 [ 2304/ 4000]
loss: 0.003339 [ 3328/ 4000]
Validation Error: 
Accuracy: 98.3%, Avg loss: 0.018200, Positive ratio: 0.494000
Epoch time: 1.42 seconds 

Epoch 48
----------------------------
loss: 0.004719 [  256/ 4000]
loss: 0.001501 [ 1280/ 4000]
loss: 0.000860 [ 2304/ 4000]
loss: 0.013365 [ 3328/ 4000]
Validation Error: 
Accuracy: 98.4%, Avg loss: 0.015247, Positive ratio: 0.503000
Epoch time: 1.41 seconds 

Epoch 49
----------------------------
loss: 0.001143 [  256/ 4000]
loss: 0.002315 [ 1280/ 4000]
loss: 0.001231 [ 2304/ 4000]
loss: 0.001757 [ 3328/ 4000]
Validation Error: 
Accuracy: 98.3%, Avg loss: 0.016439, Positive ratio: 0.498000
Epoch time: 1.42 seconds 

Epoch 50
----------------------------
loss: 0.009051 [  256/ 4000]
loss: 0.001247 [ 1280/ 4000]
loss: 0.001575 [ 2304/ 4000]
loss: 0.001221 [ 3328/ 4000]
Validation Error: 
Accuracy: 98.2%, Avg loss: 0.017089, Positive ratio: 0.497000
Epoch time: 1.41 seconds 

Epoch 51
----------------------------
loss: 0.003204 [  256/ 4000]
loss: 0.001066 [ 1280/ 4000]
loss: 0.006096 [ 2304/ 4000]
loss: 0.000864 [ 3328/ 4000]
Validation Error: 
Accuracy: 98.5%, Avg loss: 0.015014, Positive ratio: 0.506000
Epoch time: 1.42 seconds 

Epoch 52
----------------------------
loss: 0.003398 [  256/ 4000]
loss: 0.002893 [ 1280/ 4000]
loss: 0.000710 [ 2304/ 4000]
loss: 0.001565 [ 3328/ 4000]
Validation Error: 
Accuracy: 98.2%, Avg loss: 0.016893, Positive ratio: 0.501000
Epoch time: 1.41 seconds 

Epoch 53
----------------------------
loss: 0.000919 [  256/ 4000]
loss: 0.007475 [ 1280/ 4000]
loss: 0.000692 [ 2304/ 4000]
loss: 0.000951 [ 3328/ 4000]
Validation Error: 
Accuracy: 98.1%, Avg loss: 0.017755, Positive ratio: 0.496000
Epoch time: 1.43 seconds 

Epoch 54
----------------------------
loss: 0.001799 [  256/ 4000]
loss: 0.001047 [ 1280/ 4000]
loss: 0.001525 [ 2304/ 4000]
loss: 0.002198 [ 3328/ 4000]
Validation Error: 
Accuracy: 98.1%, Avg loss: 0.016327, Positive ratio: 0.502000
Epoch time: 1.42 seconds 

Epoch 55
----------------------------
loss: 0.001324 [  256/ 4000]
loss: 0.001438 [ 1280/ 4000]
loss: 0.003736 [ 2304/ 4000]
loss: 0.000768 [ 3328/ 4000]
Validation Error: 
Accuracy: 98.2%, Avg loss: 0.016671, Positive ratio: 0.501000
Epoch time: 1.42 seconds 

Epoch 56
----------------------------
loss: 0.001592 [  256/ 4000]
loss: 0.000715 [ 1280/ 4000]
loss: 0.001961 [ 2304/ 4000]
loss: 0.000767 [ 3328/ 4000]
Validation Error: 
Accuracy: 98.1%, Avg loss: 0.015864, Positive ratio: 0.502000
Epoch time: 1.42 seconds 

Epoch 57
----------------------------
loss: 0.000999 [  256/ 4000]
loss: 0.001997 [ 1280/ 4000]
loss: 0.000840 [ 2304/ 4000]
loss: 0.001459 [ 3328/ 4000]
Validation Error: 
Accuracy: 98.2%, Avg loss: 0.015462, Positive ratio: 0.503000
Epoch time: 1.41 seconds 

Epoch 58
----------------------------
loss: 0.001961 [  256/ 4000]
loss: 0.000819 [ 1280/ 4000]
loss: 0.000919 [ 2304/ 4000]
loss: 0.001445 [ 3328/ 4000]
Validation Error: 
Accuracy: 98.2%, Avg loss: 0.015951, Positive ratio: 0.501000
Epoch time: 1.42 seconds 

Epoch 59
----------------------------
loss: 0.003158 [  256/ 4000]
loss: 0.000920 [ 1280/ 4000]
loss: 0.007178 [ 2304/ 4000]
loss: 0.011091 [ 3328/ 4000]
Validation Error: 
Accuracy: 98.2%, Avg loss: 0.016371, Positive ratio: 0.499000
Epoch time: 1.41 seconds 

Epoch 60
----------------------------
loss: 0.001303 [  256/ 4000]
loss: 0.000902 [ 1280/ 4000]
loss: 0.000853 [ 2304/ 4000]
loss: 0.000887 [ 3328/ 4000]
Validation Error: 
Accuracy: 98.2%, Avg loss: 0.016030, Positive ratio: 0.501000
Epoch time: 1.42 seconds 

Epoch 61
----------------------------
loss: 0.000835 [  256/ 4000]
loss: 0.001642 [ 1280/ 4000]
loss: 0.012716 [ 2304/ 4000]
loss: 0.002431 [ 3328/ 4000]
Validation Error: 
Accuracy: 98.2%, Avg loss: 0.015381, Positive ratio: 0.503000
Epoch time: 1.42 seconds 

Epoch 62
----------------------------
loss: 0.001011 [  256/ 4000]
loss: 0.000685 [ 1280/ 4000]
loss: 0.000982 [ 2304/ 4000]
loss: 0.000714 [ 3328/ 4000]
Validation Error: 
Accuracy: 98.1%, Avg loss: 0.015756, Positive ratio: 0.502000
Early stopping with minimum validation loss of 0.01446421816945076, max accuracy of 0.986
Done! Total training time: 1 minutes, 29.22 seconds, average epoch time: 0.09 seconds
