Using reduced dataset of 2000 examples
Using cuda device
==========================================================================================
Layer (type:depth-idx)                   Output Shape              Param #
==========================================================================================
CNN                                      [64, 100]                 --
├─Sequential: 1-1                        [64, 1, 128, 128, 12]     --
│    └─glp_rotation_stack: 2-1           [64, 1, 128, 128, 12]     --
├─Sequential: 1-2                        [64, 7680]                --
│    └─Sequential: 2-2                   [64, 16, 64, 64, 12]      --
│    │    └─Conv3d: 3-1                  [64, 16, 128, 128, 12]    160
│    │    └─LeakyReLU: 3-2               [64, 16, 128, 128, 12]    --
│    │    └─BatchNorm3d: 3-3             [64, 16, 128, 128, 12]    32
│    │    └─Conv3d: 3-4                  [64, 16, 128, 128, 12]    2,320
│    │    └─LeakyReLU: 3-5               [64, 16, 128, 128, 12]    --
│    │    └─BatchNorm3d: 3-6             [64, 16, 128, 128, 12]    32
│    │    └─MaxPool3d: 3-7               [64, 16, 64, 64, 12]      --
│    └─Sequential: 2-3                   [64, 32, 32, 32, 12]      --
│    │    └─Conv3d: 3-8                  [64, 32, 64, 64, 12]      4,640
│    │    └─LeakyReLU: 3-9               [64, 32, 64, 64, 12]      --
│    │    └─BatchNorm3d: 3-10            [64, 32, 64, 64, 12]      64
│    │    └─Conv3d: 3-11                 [64, 32, 64, 64, 12]      9,248
│    │    └─LeakyReLU: 3-12              [64, 32, 64, 64, 12]      --
│    │    └─BatchNorm3d: 3-13            [64, 32, 64, 64, 12]      64
│    │    └─MaxPool3d: 3-14              [64, 32, 32, 32, 12]      --
│    └─Sequential: 2-4                   [64, 64, 16, 16, 12]      --
│    │    └─Conv3d: 3-15                 [64, 64, 32, 32, 12]      18,496
│    │    └─LeakyReLU: 3-16              [64, 64, 32, 32, 12]      --
│    │    └─BatchNorm3d: 3-17            [64, 64, 32, 32, 12]      128
│    │    └─Conv3d: 3-18                 [64, 64, 32, 32, 12]      36,928
│    │    └─LeakyReLU: 3-19              [64, 64, 32, 32, 12]      --
│    │    └─BatchNorm3d: 3-20            [64, 64, 32, 32, 12]      128
│    │    └─MaxPool3d: 3-21              [64, 64, 16, 16, 12]      --
│    └─Sequential: 2-5                   [64, 128, 8, 8, 12]       --
│    │    └─Conv3d: 3-22                 [64, 128, 16, 16, 12]     73,856
│    │    └─LeakyReLU: 3-23              [64, 128, 16, 16, 12]     --
│    │    └─BatchNorm3d: 3-24            [64, 128, 16, 16, 12]     256
│    │    └─Conv3d: 3-25                 [64, 128, 16, 16, 12]     147,584
│    │    └─LeakyReLU: 3-26              [64, 128, 16, 16, 12]     --
│    │    └─BatchNorm3d: 3-27            [64, 128, 16, 16, 12]     256
│    │    └─MaxPool3d: 3-28              [64, 128, 8, 8, 12]       --
│    └─Sequential: 2-6                   [64, 20, 8, 8, 12]        --
│    │    └─Conv3d: 3-29                 [64, 20, 8, 8, 12]        2,580
│    │    └─LeakyReLU: 3-30              [64, 20, 8, 8, 12]        --
│    │    └─BatchNorm3d: 3-31            [64, 20, 8, 8, 12]        40
│    │    └─Conv3d: 3-32                 [64, 20, 8, 8, 12]        420
│    │    └─LeakyReLU: 3-33              [64, 20, 8, 8, 12]        --
│    │    └─BatchNorm3d: 3-34            [64, 20, 8, 8, 12]        40
│    │    └─MaxPool3d: 3-35              [64, 20, 8, 8, 12]        --
│    └─glp_rotation_pool: 2-7            [64, 20, 8, 8, 6]         --
│    └─Flatten: 2-8                      [64, 7680]                --
├─Sequential: 1-3                        [64, 100]                 --
│    └─Sequential: 2-9                   [64, 100]                 --
│    │    └─Linear: 3-36                 [64, 100]                 768,100
│    │    └─LeakyReLU: 3-37              [64, 100]                 --
│    │    └─Dropout: 3-38                [64, 100]                 --
│    │    └─BatchNorm1d: 3-39            [64, 100]                 200
│    └─Linear: 2-10                      [64, 100]                 10,100
├─Sigmoid: 1-4                           [64, 100]                 --
==========================================================================================
Total params: 1,075,672
Trainable params: 1,075,672
Non-trainable params: 0
Total mult-adds (Units.GIGABYTES): 162.21
==========================================================================================
Input size (MB): 4.19
Forward/backward pass size (MB): 12111.21
Params size (MB): 4.30
Estimated Total Size (MB): 12119.70
==========================================================================================
Training CNN 

Epoch 1
----------------------------
loss: 0.106579 [   64/ 2000]
loss: 0.091684 [ 1088/ 2000]
Validation Error: 
Accuracy: 73.2%, Avg loss: 0.456934, Positive ratio: 0.723000
Validation loss improved, saving model
Epoch time: 7.38 seconds 

Epoch 2
----------------------------
loss: 0.083560 [   64/ 2000]
loss: 0.072318 [ 1088/ 2000]
Validation Error: 
Accuracy: 81.8%, Avg loss: 0.413181, Positive ratio: 0.687000
Validation loss improved, saving model
Epoch time: 5.75 seconds 

Epoch 3
----------------------------
loss: 0.063222 [   64/ 2000]
loss: 0.053918 [ 1088/ 2000]
Validation Error: 
Accuracy: 96.3%, Avg loss: 0.277870, Positive ratio: 0.538000
Validation loss improved, saving model
Epoch time: 5.76 seconds 

Epoch 4
----------------------------
loss: 0.041775 [   64/ 2000]
loss: 0.031399 [ 1088/ 2000]
Validation Error: 
Accuracy: 98.9%, Avg loss: 0.102782, Positive ratio: 0.496000
Validation loss improved, saving model
Epoch time: 5.74 seconds 

Epoch 5
----------------------------
loss: 0.023371 [   64/ 2000]
loss: 0.021761 [ 1088/ 2000]
Validation Error: 
Accuracy: 99.0%, Avg loss: 0.080836, Positive ratio: 0.499000
Validation loss improved, saving model
Epoch time: 5.74 seconds 

Epoch 6
----------------------------
loss: 0.016795 [   64/ 2000]
loss: 0.014072 [ 1088/ 2000]
Validation Error: 
Accuracy: 95.8%, Avg loss: 0.141096, Positive ratio: 0.479000
Epoch time: 5.74 seconds 

Epoch 7
----------------------------
loss: 0.012393 [   64/ 2000]
loss: 0.015183 [ 1088/ 2000]
Validation Error: 
Accuracy: 62.4%, Avg loss: 0.359145, Positive ratio: 0.723000
Epoch time: 5.77 seconds 

Epoch 8
----------------------------
loss: 0.013074 [   64/ 2000]
loss: 0.005719 [ 1088/ 2000]
Validation Error: 
Accuracy: 97.4%, Avg loss: 0.075707, Positive ratio: 0.515000
Validation loss improved, saving model
Epoch time: 5.76 seconds 

Epoch 9
----------------------------
loss: 0.006816 [   64/ 2000]
loss: 0.008520 [ 1088/ 2000]
Validation Error: 
Accuracy: 96.6%, Avg loss: 0.063311, Positive ratio: 0.509000
Validation loss improved, saving model
Epoch time: 5.74 seconds 

Epoch 10
----------------------------
loss: 0.007107 [   64/ 2000]
loss: 0.005000 [ 1088/ 2000]
Validation Error: 
Accuracy: 99.1%, Avg loss: 0.039745, Positive ratio: 0.504000
Validation loss improved, saving model
Epoch time: 5.75 seconds 

Epoch 11
----------------------------
loss: 0.007900 [   64/ 2000]
loss: 0.003729 [ 1088/ 2000]
Validation Error: 
Accuracy: 84.5%, Avg loss: 0.149964, Positive ratio: 0.574000
Epoch time: 5.74 seconds 

Epoch 12
----------------------------
loss: 0.005064 [   64/ 2000]
loss: 0.004729 [ 1088/ 2000]
Validation Error: 
Accuracy: 80.8%, Avg loss: 0.191836, Positive ratio: 0.573000
Epoch time: 5.73 seconds 

Epoch 13
----------------------------
loss: 0.002882 [   64/ 2000]
loss: 0.003332 [ 1088/ 2000]
Validation Error: 
Accuracy: 98.2%, Avg loss: 0.028488, Positive ratio: 0.505000
Validation loss improved, saving model
Epoch time: 5.74 seconds 

Epoch 14
----------------------------
loss: 0.002324 [   64/ 2000]
loss: 0.003944 [ 1088/ 2000]
Validation Error: 
Accuracy: 98.7%, Avg loss: 0.021921, Positive ratio: 0.506000
Validation loss improved, saving model
Epoch time: 5.75 seconds 

Epoch 15
----------------------------
loss: 0.002430 [   64/ 2000]
loss: 0.004446 [ 1088/ 2000]
Validation Error: 
Accuracy: 98.8%, Avg loss: 0.023304, Positive ratio: 0.507000
Epoch time: 5.75 seconds 

Epoch 16
----------------------------
loss: 0.001430 [   64/ 2000]
loss: 0.002852 [ 1088/ 2000]
Validation Error: 
Accuracy: 88.3%, Avg loss: 0.114760, Positive ratio: 0.558000
Epoch time: 5.73 seconds 

Epoch 17
----------------------------
loss: 0.003969 [   64/ 2000]
loss: 0.002180 [ 1088/ 2000]
Validation Error: 
Accuracy: 99.0%, Avg loss: 0.011424, Positive ratio: 0.505000
Validation loss improved, saving model
Epoch time: 5.73 seconds 

Epoch 18
----------------------------
loss: 0.002290 [   64/ 2000]
loss: 0.001659 [ 1088/ 2000]
Validation Error: 
Accuracy: 98.6%, Avg loss: 0.016993, Positive ratio: 0.501000
Epoch time: 5.74 seconds 

Epoch 19
----------------------------
loss: 0.003688 [   64/ 2000]
loss: 0.002476 [ 1088/ 2000]
Validation Error: 
Accuracy: 99.0%, Avg loss: 0.015398, Positive ratio: 0.503000
Epoch time: 5.74 seconds 

Epoch 20
----------------------------
loss: 0.001224 [   64/ 2000]
loss: 0.004876 [ 1088/ 2000]
Validation Error: 
Accuracy: 98.5%, Avg loss: 0.015917, Positive ratio: 0.504000
Epoch time: 5.73 seconds 

Epoch 21
----------------------------
loss: 0.000842 [   64/ 2000]
loss: 0.001384 [ 1088/ 2000]
Validation Error: 
Accuracy: 92.4%, Avg loss: 0.078668, Positive ratio: 0.547000
Epoch time: 5.74 seconds 

Epoch 22
----------------------------
loss: 0.001401 [   64/ 2000]
loss: 0.000784 [ 1088/ 2000]
Validation Error: 
Accuracy: 98.7%, Avg loss: 0.016192, Positive ratio: 0.508000
Epoch time: 5.74 seconds 

Epoch 23
----------------------------
loss: 0.001168 [   64/ 2000]
loss: 0.002212 [ 1088/ 2000]
Validation Error: 
Accuracy: 98.7%, Avg loss: 0.019465, Positive ratio: 0.508000
Epoch time: 5.74 seconds 

Epoch 24
----------------------------
loss: 0.000764 [   64/ 2000]
loss: 0.000739 [ 1088/ 2000]
Validation Error: 
Accuracy: 97.4%, Avg loss: 0.032476, Positive ratio: 0.505000
Epoch time: 5.75 seconds 

Epoch 25
----------------------------
loss: 0.000815 [   64/ 2000]
loss: 0.000741 [ 1088/ 2000]
Validation Error: 
Accuracy: 98.2%, Avg loss: 0.031317, Positive ratio: 0.509000
Epoch time: 5.76 seconds 

Epoch 26
----------------------------
loss: 0.000437 [   64/ 2000]
loss: 0.000602 [ 1088/ 2000]
Validation Error: 
Accuracy: 97.7%, Avg loss: 0.029402, Positive ratio: 0.516000
Epoch time: 5.75 seconds 

Epoch 27
----------------------------
loss: 0.000595 [   64/ 2000]
loss: 0.001075 [ 1088/ 2000]
Validation Error: 
Accuracy: 99.1%, Avg loss: 0.011081, Positive ratio: 0.506000
Validation loss improved, saving model
Epoch time: 5.77 seconds 

Epoch 28
----------------------------
loss: 0.001792 [   64/ 2000]
loss: 0.000489 [ 1088/ 2000]
Validation Error: 
Accuracy: 99.1%, Avg loss: 0.012184, Positive ratio: 0.504000
Epoch time: 5.74 seconds 

Epoch 29
----------------------------
loss: 0.000466 [   64/ 2000]
loss: 0.000502 [ 1088/ 2000]
Validation Error: 
Accuracy: 98.9%, Avg loss: 0.012855, Positive ratio: 0.506000
Epoch time: 5.74 seconds 

Epoch 30
----------------------------
loss: 0.000760 [   64/ 2000]
loss: 0.000435 [ 1088/ 2000]
Validation Error: 
Accuracy: 98.6%, Avg loss: 0.018870, Positive ratio: 0.503000
Epoch time: 5.75 seconds 

Epoch 31
----------------------------
loss: 0.000525 [   64/ 2000]
loss: 0.000299 [ 1088/ 2000]
Validation Error: 
Accuracy: 97.6%, Avg loss: 0.030576, Positive ratio: 0.511000
Epoch time: 5.75 seconds 

Epoch 32
----------------------------
loss: 0.000319 [   64/ 2000]
loss: 0.000414 [ 1088/ 2000]
Validation Error: 
Accuracy: 98.5%, Avg loss: 0.020449, Positive ratio: 0.508000
Epoch time: 5.73 seconds 

Epoch 33
----------------------------
loss: 0.000280 [   64/ 2000]
loss: 0.000303 [ 1088/ 2000]
Validation Error: 
Accuracy: 96.9%, Avg loss: 0.037099, Positive ratio: 0.516000
Epoch time: 5.74 seconds 

Epoch 34
----------------------------
loss: 0.000318 [   64/ 2000]
loss: 0.000289 [ 1088/ 2000]
Validation Error: 
Accuracy: 99.1%, Avg loss: 0.011929, Positive ratio: 0.508000
Epoch time: 5.74 seconds 

Epoch 35
----------------------------
loss: 0.000586 [   64/ 2000]
loss: 0.000240 [ 1088/ 2000]
Validation Error: 
Accuracy: 99.0%, Avg loss: 0.011623, Positive ratio: 0.505000
Epoch time: 5.74 seconds 

Epoch 36
----------------------------
loss: 0.000320 [   64/ 2000]
loss: 0.000484 [ 1088/ 2000]
Validation Error: 
Accuracy: 99.1%, Avg loss: 0.014021, Positive ratio: 0.504000
Epoch time: 5.74 seconds 

Epoch 37
----------------------------
loss: 0.000382 [   64/ 2000]
loss: 0.000439 [ 1088/ 2000]
Validation Error: 
Accuracy: 97.5%, Avg loss: 0.025470, Positive ratio: 0.510000
Epoch time: 5.74 seconds 

Epoch 38
----------------------------
loss: 0.001020 [   64/ 2000]
loss: 0.000313 [ 1088/ 2000]
Validation Error: 
Accuracy: 98.2%, Avg loss: 0.019344, Positive ratio: 0.511000
Epoch time: 5.75 seconds 

Epoch 39
----------------------------
loss: 0.000593 [   64/ 2000]
loss: 0.000315 [ 1088/ 2000]
Validation Error: 
Accuracy: 98.3%, Avg loss: 0.015345, Positive ratio: 0.512000
Epoch time: 5.74 seconds 

Epoch 40
----------------------------
loss: 0.000243 [   64/ 2000]
loss: 0.000392 [ 1088/ 2000]
Validation Error: 
Accuracy: 98.8%, Avg loss: 0.013084, Positive ratio: 0.507000
Epoch time: 5.73 seconds 

Epoch 41
----------------------------
loss: 0.000536 [   64/ 2000]
loss: 0.000357 [ 1088/ 2000]
Validation Error: 
Accuracy: 99.0%, Avg loss: 0.012500, Positive ratio: 0.505000
Epoch time: 5.74 seconds 

Epoch 42
----------------------------
loss: 0.000831 [   64/ 2000]
loss: 0.000205 [ 1088/ 2000]
Validation Error: 
Accuracy: 98.9%, Avg loss: 0.012239, Positive ratio: 0.506000
Epoch time: 5.74 seconds 

Epoch 43
----------------------------
loss: 0.001057 [   64/ 2000]
loss: 0.000295 [ 1088/ 2000]
Validation Error: 
Accuracy: 98.7%, Avg loss: 0.012091, Positive ratio: 0.508000
Epoch time: 5.73 seconds 

Epoch 44
----------------------------
loss: 0.000254 [   64/ 2000]
loss: 0.000302 [ 1088/ 2000]
Validation Error: 
Accuracy: 98.9%, Avg loss: 0.011858, Positive ratio: 0.506000
Epoch time: 5.73 seconds 

Epoch 45
----------------------------
loss: 0.000555 [   64/ 2000]
loss: 0.000219 [ 1088/ 2000]
Validation Error: 
Accuracy: 98.9%, Avg loss: 0.011896, Positive ratio: 0.506000
Epoch time: 5.75 seconds 

Epoch 46
----------------------------
loss: 0.000189 [   64/ 2000]
loss: 0.000235 [ 1088/ 2000]
Validation Error: 
Accuracy: 99.0%, Avg loss: 0.011082, Positive ratio: 0.505000
Epoch time: 5.76 seconds 

Epoch 47
----------------------------
loss: 0.000186 [   64/ 2000]
loss: 0.000201 [ 1088/ 2000]
Validation Error: 
Accuracy: 99.0%, Avg loss: 0.011504, Positive ratio: 0.505000
Early stopping with minimum validation loss of 0.011080864565446973, max accuracy of 0.991
Done! Total training time: 4 minutes, 31.59 seconds, average epoch time: 0.27 seconds
