Using reduced dataset of 8000 examples
Using cuda device
==========================================================================================
Layer (type:depth-idx)                   Output Shape              Param #
==========================================================================================
CNN                                      [64, 100]                 --
├─Sequential: 1-1                        [64, 1, 128, 128, 12]     --
│    └─glp_rotation_stack: 2-1           [64, 1, 128, 128, 12]     --
├─Sequential: 1-2                        [64, 7680]                --
│    └─Sequential: 2-2                   [64, 16, 64, 64, 12]      --
│    │    └─Conv3d: 3-1                  [64, 16, 128, 128, 12]    160
│    │    └─LeakyReLU: 3-2               [64, 16, 128, 128, 12]    --
│    │    └─BatchNorm3d: 3-3             [64, 16, 128, 128, 12]    32
│    │    └─Conv3d: 3-4                  [64, 16, 128, 128, 12]    2,320
│    │    └─LeakyReLU: 3-5               [64, 16, 128, 128, 12]    --
│    │    └─BatchNorm3d: 3-6             [64, 16, 128, 128, 12]    32
│    │    └─MaxPool3d: 3-7               [64, 16, 64, 64, 12]      --
│    └─Sequential: 2-3                   [64, 32, 32, 32, 12]      --
│    │    └─Conv3d: 3-8                  [64, 32, 64, 64, 12]      4,640
│    │    └─LeakyReLU: 3-9               [64, 32, 64, 64, 12]      --
│    │    └─BatchNorm3d: 3-10            [64, 32, 64, 64, 12]      64
│    │    └─Conv3d: 3-11                 [64, 32, 64, 64, 12]      9,248
│    │    └─LeakyReLU: 3-12              [64, 32, 64, 64, 12]      --
│    │    └─BatchNorm3d: 3-13            [64, 32, 64, 64, 12]      64
│    │    └─MaxPool3d: 3-14              [64, 32, 32, 32, 12]      --
│    └─Sequential: 2-4                   [64, 64, 16, 16, 12]      --
│    │    └─Conv3d: 3-15                 [64, 64, 32, 32, 12]      18,496
│    │    └─LeakyReLU: 3-16              [64, 64, 32, 32, 12]      --
│    │    └─BatchNorm3d: 3-17            [64, 64, 32, 32, 12]      128
│    │    └─Conv3d: 3-18                 [64, 64, 32, 32, 12]      36,928
│    │    └─LeakyReLU: 3-19              [64, 64, 32, 32, 12]      --
│    │    └─BatchNorm3d: 3-20            [64, 64, 32, 32, 12]      128
│    │    └─MaxPool3d: 3-21              [64, 64, 16, 16, 12]      --
│    └─Sequential: 2-5                   [64, 128, 8, 8, 12]       --
│    │    └─Conv3d: 3-22                 [64, 128, 16, 16, 12]     73,856
│    │    └─LeakyReLU: 3-23              [64, 128, 16, 16, 12]     --
│    │    └─BatchNorm3d: 3-24            [64, 128, 16, 16, 12]     256
│    │    └─Conv3d: 3-25                 [64, 128, 16, 16, 12]     147,584
│    │    └─LeakyReLU: 3-26              [64, 128, 16, 16, 12]     --
│    │    └─BatchNorm3d: 3-27            [64, 128, 16, 16, 12]     256
│    │    └─MaxPool3d: 3-28              [64, 128, 8, 8, 12]       --
│    └─Sequential: 2-6                   [64, 20, 8, 8, 12]        --
│    │    └─Conv3d: 3-29                 [64, 20, 8, 8, 12]        2,580
│    │    └─LeakyReLU: 3-30              [64, 20, 8, 8, 12]        --
│    │    └─BatchNorm3d: 3-31            [64, 20, 8, 8, 12]        40
│    │    └─Conv3d: 3-32                 [64, 20, 8, 8, 12]        420
│    │    └─LeakyReLU: 3-33              [64, 20, 8, 8, 12]        --
│    │    └─BatchNorm3d: 3-34            [64, 20, 8, 8, 12]        40
│    │    └─MaxPool3d: 3-35              [64, 20, 8, 8, 12]        --
│    └─glp_rotation_pool: 2-7            [64, 20, 8, 8, 6]         --
│    └─Flatten: 2-8                      [64, 7680]                --
├─Sequential: 1-3                        [64, 100]                 --
│    └─Sequential: 2-9                   [64, 100]                 --
│    │    └─Linear: 3-36                 [64, 100]                 768,100
│    │    └─LeakyReLU: 3-37              [64, 100]                 --
│    │    └─Dropout: 3-38                [64, 100]                 --
│    │    └─BatchNorm1d: 3-39            [64, 100]                 200
│    └─Linear: 2-10                      [64, 100]                 10,100
├─Sigmoid: 1-4                           [64, 100]                 --
==========================================================================================
Total params: 1,075,672
Trainable params: 1,075,672
Non-trainable params: 0
Total mult-adds (Units.GIGABYTES): 162.21
==========================================================================================
Input size (MB): 4.19
Forward/backward pass size (MB): 12111.21
Params size (MB): 4.30
Estimated Total Size (MB): 12119.70
==========================================================================================
Training CNN 

Epoch 1
----------------------------
loss: 0.108735 [   64/ 8000]
loss: 0.096270 [ 1088/ 8000]
loss: 0.086432 [ 2112/ 8000]
loss: 0.074934 [ 3136/ 8000]
loss: 0.061470 [ 4160/ 8000]
loss: 0.054691 [ 5184/ 8000]
loss: 0.041612 [ 6208/ 8000]
loss: 0.034518 [ 7232/ 8000]
Validation Error: 
Accuracy: 99.0%, Avg loss: 0.077425, Positive ratio: 0.499000
Validation loss improved, saving model
Epoch time: 22.52 seconds 

Epoch 2
----------------------------
loss: 0.023905 [   64/ 8000]
loss: 0.019996 [ 1088/ 8000]
loss: 0.014435 [ 2112/ 8000]
loss: 0.011857 [ 3136/ 8000]
loss: 0.014529 [ 4160/ 8000]
loss: 0.009237 [ 5184/ 8000]
loss: 0.015671 [ 6208/ 8000]
loss: 0.008521 [ 7232/ 8000]
Validation Error: 
Accuracy: 94.8%, Avg loss: 0.086328, Positive ratio: 0.491000
Epoch time: 20.91 seconds 

Epoch 3
----------------------------
loss: 0.003706 [   64/ 8000]
loss: 0.012358 [ 1088/ 8000]
loss: 0.008593 [ 2112/ 8000]
loss: 0.010098 [ 3136/ 8000]
loss: 0.005591 [ 4160/ 8000]
loss: 0.006705 [ 5184/ 8000]
loss: 0.010265 [ 6208/ 8000]
loss: 0.007862 [ 7232/ 8000]
Validation Error: 
Accuracy: 98.5%, Avg loss: 0.017453, Positive ratio: 0.502000
Validation loss improved, saving model
Epoch time: 20.91 seconds 

Epoch 4
----------------------------
loss: 0.009932 [   64/ 8000]
loss: 0.006610 [ 1088/ 8000]
loss: 0.004071 [ 2112/ 8000]
loss: 0.002183 [ 3136/ 8000]
loss: 0.003218 [ 4160/ 8000]
loss: 0.007565 [ 5184/ 8000]
loss: 0.008847 [ 6208/ 8000]
loss: 0.010361 [ 7232/ 8000]
Validation Error: 
Accuracy: 99.0%, Avg loss: 0.025346, Positive ratio: 0.507000
Epoch time: 20.91 seconds 

Epoch 5
----------------------------
loss: 0.004331 [   64/ 8000]
loss: 0.005860 [ 1088/ 8000]
loss: 0.003484 [ 2112/ 8000]
loss: 0.002025 [ 3136/ 8000]
loss: 0.005679 [ 4160/ 8000]
loss: 0.000999 [ 5184/ 8000]
loss: 0.002138 [ 6208/ 8000]
loss: 0.005406 [ 7232/ 8000]
Validation Error: 
Accuracy: 97.5%, Avg loss: 0.037179, Positive ratio: 0.494000
Epoch time: 20.92 seconds 

Epoch 6
----------------------------
loss: 0.005556 [   64/ 8000]
loss: 0.003572 [ 1088/ 8000]
loss: 0.007847 [ 2112/ 8000]
loss: 0.003326 [ 3136/ 8000]
loss: 0.002047 [ 4160/ 8000]
loss: 0.006596 [ 5184/ 8000]
loss: 0.004855 [ 6208/ 8000]
loss: 0.000717 [ 7232/ 8000]
Validation Error: 
Accuracy: 98.2%, Avg loss: 0.019662, Positive ratio: 0.503000
Epoch time: 20.91 seconds 

Epoch 7
----------------------------
loss: 0.007402 [   64/ 8000]
loss: 0.010934 [ 1088/ 8000]
loss: 0.005326 [ 2112/ 8000]
loss: 0.004988 [ 3136/ 8000]
loss: 0.001014 [ 4160/ 8000]
loss: 0.001595 [ 5184/ 8000]
loss: 0.000842 [ 6208/ 8000]
loss: 0.005113 [ 7232/ 8000]
Validation Error: 
Accuracy: 95.9%, Avg loss: 0.137312, Positive ratio: 0.518000
Epoch time: 21.02 seconds 

Epoch 8
----------------------------
loss: 0.000793 [   64/ 8000]
loss: 0.003971 [ 1088/ 8000]
loss: 0.003196 [ 2112/ 8000]
loss: 0.002968 [ 3136/ 8000]
loss: 0.007231 [ 4160/ 8000]
loss: 0.000540 [ 5184/ 8000]
loss: 0.007847 [ 6208/ 8000]
loss: 0.001080 [ 7232/ 8000]
Validation Error: 
Accuracy: 96.2%, Avg loss: 0.063010, Positive ratio: 0.519000
Epoch time: 20.88 seconds 

Epoch 9
----------------------------
loss: 0.004503 [   64/ 8000]
loss: 0.002916 [ 1088/ 8000]
loss: 0.003853 [ 2112/ 8000]
loss: 0.000937 [ 3136/ 8000]
loss: 0.000909 [ 4160/ 8000]
loss: 0.002438 [ 5184/ 8000]
loss: 0.003312 [ 6208/ 8000]
loss: 0.000854 [ 7232/ 8000]
Validation Error: 
Accuracy: 99.1%, Avg loss: 0.010554, Positive ratio: 0.504000
Validation loss improved, saving model
Epoch time: 20.89 seconds 

Epoch 10
----------------------------
loss: 0.001453 [   64/ 8000]
loss: 0.005166 [ 1088/ 8000]
loss: 0.001720 [ 2112/ 8000]
loss: 0.001306 [ 3136/ 8000]
loss: 0.001469 [ 4160/ 8000]
loss: 0.004251 [ 5184/ 8000]
loss: 0.000479 [ 6208/ 8000]
loss: 0.001849 [ 7232/ 8000]
Validation Error: 
Accuracy: 97.6%, Avg loss: 0.020484, Positive ratio: 0.505000
Epoch time: 20.87 seconds 

Epoch 11
----------------------------
loss: 0.000687 [   64/ 8000]
loss: 0.001387 [ 1088/ 8000]
loss: 0.001119 [ 2112/ 8000]
loss: 0.003588 [ 3136/ 8000]
loss: 0.001229 [ 4160/ 8000]
loss: 0.002489 [ 5184/ 8000]
loss: 0.000490 [ 6208/ 8000]
loss: 0.000503 [ 7232/ 8000]
Validation Error: 
Accuracy: 95.9%, Avg loss: 0.043174, Positive ratio: 0.488000
Epoch time: 20.89 seconds 

Epoch 12
----------------------------
loss: 0.002443 [   64/ 8000]
loss: 0.004946 [ 1088/ 8000]
loss: 0.002295 [ 2112/ 8000]
loss: 0.001187 [ 3136/ 8000]
loss: 0.001249 [ 4160/ 8000]
loss: 0.001002 [ 5184/ 8000]
loss: 0.000851 [ 6208/ 8000]
loss: 0.001356 [ 7232/ 8000]
Validation Error: 
Accuracy: 99.1%, Avg loss: 0.007730, Positive ratio: 0.512000
Validation loss improved, saving model
Epoch time: 20.93 seconds 

Epoch 13
----------------------------
loss: 0.003323 [   64/ 8000]
loss: 0.000948 [ 1088/ 8000]
loss: 0.000846 [ 2112/ 8000]
loss: 0.004167 [ 3136/ 8000]
loss: 0.004740 [ 4160/ 8000]
loss: 0.001859 [ 5184/ 8000]
loss: 0.000691 [ 6208/ 8000]
loss: 0.001158 [ 7232/ 8000]
Validation Error: 
Accuracy: 98.3%, Avg loss: 0.024958, Positive ratio: 0.506000
Epoch time: 20.90 seconds 

Epoch 14
----------------------------
loss: 0.002058 [   64/ 8000]
loss: 0.001782 [ 1088/ 8000]
loss: 0.001801 [ 2112/ 8000]
loss: 0.007433 [ 3136/ 8000]
loss: 0.000629 [ 4160/ 8000]
loss: 0.007627 [ 5184/ 8000]
loss: 0.000288 [ 6208/ 8000]
loss: 0.000399 [ 7232/ 8000]
Validation Error: 
Accuracy: 98.6%, Avg loss: 0.010993, Positive ratio: 0.499000
Epoch time: 20.91 seconds 

Epoch 15
----------------------------
loss: 0.003386 [   64/ 8000]
loss: 0.000655 [ 1088/ 8000]
loss: 0.000676 [ 2112/ 8000]
loss: 0.004224 [ 3136/ 8000]
loss: 0.002508 [ 4160/ 8000]
loss: 0.005693 [ 5184/ 8000]
loss: 0.001510 [ 6208/ 8000]
loss: 0.003967 [ 7232/ 8000]
Validation Error: 
Accuracy: 99.4%, Avg loss: 0.007552, Positive ratio: 0.505000
Validation loss improved, saving model
Epoch time: 20.93 seconds 

Epoch 16
----------------------------
loss: 0.001992 [   64/ 8000]
loss: 0.003790 [ 1088/ 8000]
loss: 0.002490 [ 2112/ 8000]
loss: 0.006713 [ 3136/ 8000]
loss: 0.000600 [ 4160/ 8000]
loss: 0.000162 [ 5184/ 8000]
loss: 0.003350 [ 6208/ 8000]
loss: 0.000663 [ 7232/ 8000]
Validation Error: 
Accuracy: 99.1%, Avg loss: 0.008826, Positive ratio: 0.502000
Epoch time: 20.91 seconds 

Epoch 17
----------------------------
loss: 0.004190 [   64/ 8000]
loss: 0.000141 [ 1088/ 8000]
loss: 0.000179 [ 2112/ 8000]
loss: 0.000765 [ 3136/ 8000]
loss: 0.000307 [ 4160/ 8000]
loss: 0.000558 [ 5184/ 8000]
loss: 0.000786 [ 6208/ 8000]
loss: 0.000941 [ 7232/ 8000]
Validation Error: 
Accuracy: 99.2%, Avg loss: 0.008423, Positive ratio: 0.507000
Epoch time: 20.88 seconds 

Epoch 18
----------------------------
loss: 0.000395 [   64/ 8000]
loss: 0.002313 [ 1088/ 8000]
loss: 0.000751 [ 2112/ 8000]
loss: 0.000090 [ 3136/ 8000]
loss: 0.000341 [ 4160/ 8000]
loss: 0.000340 [ 5184/ 8000]
loss: 0.008831 [ 6208/ 8000]
loss: 0.001325 [ 7232/ 8000]
Validation Error: 
Accuracy: 98.7%, Avg loss: 0.009646, Positive ratio: 0.502000
Epoch time: 20.90 seconds 

Epoch 19
----------------------------
loss: 0.000109 [   64/ 8000]
loss: 0.000317 [ 1088/ 8000]
loss: 0.003114 [ 2112/ 8000]
loss: 0.001329 [ 3136/ 8000]
loss: 0.000107 [ 4160/ 8000]
loss: 0.002230 [ 5184/ 8000]
loss: 0.010036 [ 6208/ 8000]
loss: 0.000697 [ 7232/ 8000]
Validation Error: 
Accuracy: 97.5%, Avg loss: 0.018834, Positive ratio: 0.498000
Epoch time: 20.89 seconds 

Epoch 20
----------------------------
loss: 0.000609 [   64/ 8000]
loss: 0.004080 [ 1088/ 8000]
loss: 0.004226 [ 2112/ 8000]
loss: 0.002144 [ 3136/ 8000]
loss: 0.000099 [ 4160/ 8000]
loss: 0.000226 [ 5184/ 8000]
loss: 0.000266 [ 6208/ 8000]
loss: 0.000839 [ 7232/ 8000]
Validation Error: 
Accuracy: 99.3%, Avg loss: 0.006881, Positive ratio: 0.504000
Validation loss improved, saving model
Epoch time: 20.90 seconds 

Epoch 21
----------------------------
loss: 0.001591 [   64/ 8000]
loss: 0.000256 [ 1088/ 8000]
loss: 0.000224 [ 2112/ 8000]
loss: 0.000123 [ 3136/ 8000]
loss: 0.000226 [ 4160/ 8000]
loss: 0.000210 [ 5184/ 8000]
loss: 0.000642 [ 6208/ 8000]
loss: 0.007299 [ 7232/ 8000]
Validation Error: 
Accuracy: 97.1%, Avg loss: 0.023745, Positive ratio: 0.512000
Epoch time: 20.87 seconds 

Epoch 22
----------------------------
loss: 0.003268 [   64/ 8000]
loss: 0.000213 [ 1088/ 8000]
loss: 0.002969 [ 2112/ 8000]
loss: 0.002315 [ 3136/ 8000]
loss: 0.000294 [ 4160/ 8000]
loss: 0.000795 [ 5184/ 8000]
loss: 0.000920 [ 6208/ 8000]
loss: 0.001859 [ 7232/ 8000]
Validation Error: 
Accuracy: 98.7%, Avg loss: 0.009927, Positive ratio: 0.502000
Epoch time: 20.88 seconds 

Epoch 23
----------------------------
loss: 0.000212 [   64/ 8000]
loss: 0.001816 [ 1088/ 8000]
loss: 0.000043 [ 2112/ 8000]
loss: 0.000110 [ 3136/ 8000]
loss: 0.000136 [ 4160/ 8000]
loss: 0.000148 [ 5184/ 8000]
loss: 0.000426 [ 6208/ 8000]
loss: 0.003787 [ 7232/ 8000]
Validation Error: 
Accuracy: 95.4%, Avg loss: 0.064927, Positive ratio: 0.479000
Epoch time: 20.90 seconds 

Epoch 24
----------------------------
loss: 0.001412 [   64/ 8000]
loss: 0.000180 [ 1088/ 8000]
loss: 0.002733 [ 2112/ 8000]
loss: 0.001023 [ 3136/ 8000]
loss: 0.000267 [ 4160/ 8000]
loss: 0.003707 [ 5184/ 8000]
loss: 0.000087 [ 6208/ 8000]
loss: 0.000145 [ 7232/ 8000]
Validation Error: 
Accuracy: 92.7%, Avg loss: 0.129997, Positive ratio: 0.486000
Epoch time: 20.89 seconds 

Epoch 25
----------------------------
loss: 0.001672 [   64/ 8000]
loss: 0.001165 [ 1088/ 8000]
loss: 0.001047 [ 2112/ 8000]
loss: 0.001087 [ 3136/ 8000]
loss: 0.000142 [ 4160/ 8000]
loss: 0.000225 [ 5184/ 8000]
loss: 0.001725 [ 6208/ 8000]
loss: 0.000201 [ 7232/ 8000]
Validation Error: 
Accuracy: 98.4%, Avg loss: 0.014123, Positive ratio: 0.511000
Epoch time: 20.90 seconds 

Epoch 26
----------------------------
loss: 0.001831 [   64/ 8000]
loss: 0.000253 [ 1088/ 8000]
loss: 0.001378 [ 2112/ 8000]
loss: 0.000258 [ 3136/ 8000]
loss: 0.003092 [ 4160/ 8000]
loss: 0.002133 [ 5184/ 8000]
loss: 0.003521 [ 6208/ 8000]
loss: 0.004394 [ 7232/ 8000]
Validation Error: 
Accuracy: 98.8%, Avg loss: 0.015408, Positive ratio: 0.509000
Epoch time: 20.90 seconds 

Epoch 27
----------------------------
loss: 0.002190 [   64/ 8000]
loss: 0.000284 [ 1088/ 8000]
loss: 0.003387 [ 2112/ 8000]
loss: 0.002787 [ 3136/ 8000]
loss: 0.001402 [ 4160/ 8000]
loss: 0.005287 [ 5184/ 8000]
loss: 0.006248 [ 6208/ 8000]
loss: 0.001848 [ 7232/ 8000]
Validation Error: 
Accuracy: 97.4%, Avg loss: 0.026260, Positive ratio: 0.499000
Epoch time: 20.92 seconds 

Epoch 28
----------------------------
loss: 0.001179 [   64/ 8000]
loss: 0.000440 [ 1088/ 8000]
loss: 0.000087 [ 2112/ 8000]
loss: 0.000792 [ 3136/ 8000]
loss: 0.000997 [ 4160/ 8000]
loss: 0.000496 [ 5184/ 8000]
loss: 0.000092 [ 6208/ 8000]
loss: 0.003701 [ 7232/ 8000]
Validation Error: 
Accuracy: 98.9%, Avg loss: 0.007592, Positive ratio: 0.504000
Epoch time: 20.90 seconds 

Epoch 29
----------------------------
loss: 0.000084 [   64/ 8000]
loss: 0.001164 [ 1088/ 8000]
loss: 0.001318 [ 2112/ 8000]
loss: 0.001100 [ 3136/ 8000]
loss: 0.002292 [ 4160/ 8000]
loss: 0.000529 [ 5184/ 8000]
loss: 0.003208 [ 6208/ 8000]
loss: 0.001651 [ 7232/ 8000]
Validation Error: 
Accuracy: 98.6%, Avg loss: 0.012098, Positive ratio: 0.507000
Epoch time: 20.89 seconds 

Epoch 30
----------------------------
loss: 0.000319 [   64/ 8000]
loss: 0.001455 [ 1088/ 8000]
loss: 0.000032 [ 2112/ 8000]
loss: 0.001354 [ 3136/ 8000]
loss: 0.000067 [ 4160/ 8000]
loss: 0.003568 [ 5184/ 8000]
loss: 0.000123 [ 6208/ 8000]
loss: 0.000242 [ 7232/ 8000]
Validation Error: 
Accuracy: 97.7%, Avg loss: 0.017492, Positive ratio: 0.504000
Epoch time: 20.90 seconds 

Epoch 31
----------------------------
loss: 0.000499 [   64/ 8000]
loss: 0.000109 [ 1088/ 8000]
loss: 0.000725 [ 2112/ 8000]
loss: 0.001051 [ 3136/ 8000]
loss: 0.000576 [ 4160/ 8000]
loss: 0.000058 [ 5184/ 8000]
loss: 0.000580 [ 6208/ 8000]
loss: 0.000084 [ 7232/ 8000]
Validation Error: 
Accuracy: 99.6%, Avg loss: 0.004954, Positive ratio: 0.505000
Validation loss improved, saving model
Epoch time: 20.89 seconds 

Epoch 32
----------------------------
loss: 0.000102 [   64/ 8000]
loss: 0.000095 [ 1088/ 8000]
loss: 0.000057 [ 2112/ 8000]
loss: 0.000114 [ 3136/ 8000]
loss: 0.000802 [ 4160/ 8000]
loss: 0.000359 [ 5184/ 8000]
loss: 0.001677 [ 6208/ 8000]
loss: 0.000525 [ 7232/ 8000]
Validation Error: 
Accuracy: 99.5%, Avg loss: 0.006324, Positive ratio: 0.508000
Epoch time: 20.92 seconds 

Epoch 33
----------------------------
loss: 0.000146 [   64/ 8000]
loss: 0.000293 [ 1088/ 8000]
loss: 0.000875 [ 2112/ 8000]
loss: 0.000972 [ 3136/ 8000]
loss: 0.001271 [ 4160/ 8000]
loss: 0.000343 [ 5184/ 8000]
loss: 0.000051 [ 6208/ 8000]
loss: 0.000032 [ 7232/ 8000]
Validation Error: 
Accuracy: 98.9%, Avg loss: 0.009995, Positive ratio: 0.500000
Epoch time: 20.92 seconds 

Epoch 34
----------------------------
loss: 0.000042 [   64/ 8000]
loss: 0.000578 [ 1088/ 8000]
loss: 0.000812 [ 2112/ 8000]
loss: 0.000036 [ 3136/ 8000]
loss: 0.001221 [ 4160/ 8000]
loss: 0.000285 [ 5184/ 8000]
loss: 0.000098 [ 6208/ 8000]
loss: 0.000051 [ 7232/ 8000]
Validation Error: 
Accuracy: 98.9%, Avg loss: 0.010216, Positive ratio: 0.498000
Epoch time: 21.05 seconds 

Epoch 35
----------------------------
loss: 0.000038 [   64/ 8000]
loss: 0.000336 [ 1088/ 8000]
loss: 0.000027 [ 2112/ 8000]
loss: 0.000117 [ 3136/ 8000]
loss: 0.000043 [ 4160/ 8000]
loss: 0.000447 [ 5184/ 8000]
loss: 0.000151 [ 6208/ 8000]
loss: 0.000564 [ 7232/ 8000]
Validation Error: 
Accuracy: 98.9%, Avg loss: 0.011561, Positive ratio: 0.498000
Epoch time: 20.91 seconds 

Epoch 36
----------------------------
loss: 0.000615 [   64/ 8000]
loss: 0.000020 [ 1088/ 8000]
loss: 0.000728 [ 2112/ 8000]
loss: 0.000275 [ 3136/ 8000]
loss: 0.000052 [ 4160/ 8000]
loss: 0.000114 [ 5184/ 8000]
loss: 0.000023 [ 6208/ 8000]
loss: 0.000062 [ 7232/ 8000]
Validation Error: 
Accuracy: 99.0%, Avg loss: 0.009733, Positive ratio: 0.499000
Epoch time: 25.40 seconds 

Epoch 37
----------------------------
loss: 0.000032 [   64/ 8000]
loss: 0.001156 [ 1088/ 8000]
loss: 0.000366 [ 2112/ 8000]
loss: 0.000028 [ 3136/ 8000]
loss: 0.000035 [ 4160/ 8000]
loss: 0.000040 [ 5184/ 8000]
loss: 0.000524 [ 6208/ 8000]
loss: 0.000711 [ 7232/ 8000]
Validation Error: 
Accuracy: 97.4%, Avg loss: 0.022857, Positive ratio: 0.503000
Epoch time: 25.38 seconds 

Epoch 38
----------------------------
loss: 0.000181 [   64/ 8000]
loss: 0.004504 [ 1088/ 8000]
loss: 0.002201 [ 2112/ 8000]
loss: 0.000036 [ 3136/ 8000]
loss: 0.000532 [ 4160/ 8000]
loss: 0.004008 [ 5184/ 8000]
loss: 0.000074 [ 6208/ 8000]
loss: 0.001584 [ 7232/ 8000]
Validation Error: 
Accuracy: 98.9%, Avg loss: 0.008656, Positive ratio: 0.504000
Epoch time: 20.93 seconds 

Epoch 39
----------------------------
loss: 0.000520 [   64/ 8000]
loss: 0.000020 [ 1088/ 8000]
loss: 0.000072 [ 2112/ 8000]
loss: 0.000045 [ 3136/ 8000]
loss: 0.001478 [ 4160/ 8000]
loss: 0.000084 [ 5184/ 8000]
loss: 0.000027 [ 6208/ 8000]
loss: 0.000640 [ 7232/ 8000]
Validation Error: 
Accuracy: 98.8%, Avg loss: 0.011481, Positive ratio: 0.501000
Epoch time: 20.92 seconds 

Epoch 40
----------------------------
loss: 0.001631 [   64/ 8000]
loss: 0.000390 [ 1088/ 8000]
loss: 0.000115 [ 2112/ 8000]
loss: 0.000053 [ 3136/ 8000]
loss: 0.000401 [ 4160/ 8000]
loss: 0.000062 [ 5184/ 8000]
loss: 0.000050 [ 6208/ 8000]
loss: 0.000043 [ 7232/ 8000]
Validation Error: 
Accuracy: 99.1%, Avg loss: 0.007864, Positive ratio: 0.502000
Epoch time: 20.91 seconds 

Epoch 41
----------------------------
loss: 0.000043 [   64/ 8000]
loss: 0.000113 [ 1088/ 8000]
loss: 0.000082 [ 2112/ 8000]
loss: 0.000413 [ 3136/ 8000]
loss: 0.000143 [ 4160/ 8000]
loss: 0.000658 [ 5184/ 8000]
loss: 0.000145 [ 6208/ 8000]
loss: 0.000029 [ 7232/ 8000]
Validation Error: 
Accuracy: 98.3%, Avg loss: 0.017409, Positive ratio: 0.500000
Epoch time: 20.88 seconds 

Epoch 42
----------------------------
loss: 0.000220 [   64/ 8000]
loss: 0.000024 [ 1088/ 8000]
loss: 0.000053 [ 2112/ 8000]
loss: 0.000060 [ 3136/ 8000]
loss: 0.000334 [ 4160/ 8000]
loss: 0.000146 [ 5184/ 8000]
loss: 0.000072 [ 6208/ 8000]
loss: 0.000023 [ 7232/ 8000]
Validation Error: 
Accuracy: 98.8%, Avg loss: 0.010305, Positive ratio: 0.497000
Epoch time: 20.88 seconds 

Epoch 43
----------------------------
loss: 0.001809 [   64/ 8000]
loss: 0.000018 [ 1088/ 8000]
loss: 0.000046 [ 2112/ 8000]
loss: 0.000041 [ 3136/ 8000]
loss: 0.000025 [ 4160/ 8000]
loss: 0.000012 [ 5184/ 8000]
loss: 0.000054 [ 6208/ 8000]
loss: 0.000027 [ 7232/ 8000]
Validation Error: 
Accuracy: 99.1%, Avg loss: 0.008048, Positive ratio: 0.500000
Epoch time: 20.95 seconds 

Epoch 44
----------------------------
loss: 0.000013 [   64/ 8000]
loss: 0.002965 [ 1088/ 8000]
loss: 0.000039 [ 2112/ 8000]
loss: 0.000064 [ 3136/ 8000]
loss: 0.000032 [ 4160/ 8000]
loss: 0.000080 [ 5184/ 8000]
loss: 0.000014 [ 6208/ 8000]
loss: 0.000042 [ 7232/ 8000]
Validation Error: 
Accuracy: 99.1%, Avg loss: 0.008240, Positive ratio: 0.500000
Epoch time: 20.92 seconds 

Epoch 45
----------------------------
loss: 0.000015 [   64/ 8000]
loss: 0.000087 [ 1088/ 8000]
loss: 0.000013 [ 2112/ 8000]
loss: 0.000020 [ 3136/ 8000]
loss: 0.000013 [ 4160/ 8000]
loss: 0.000019 [ 5184/ 8000]
loss: 0.000061 [ 6208/ 8000]
loss: 0.000037 [ 7232/ 8000]
Validation Error: 
Accuracy: 99.2%, Avg loss: 0.007917, Positive ratio: 0.501000
Epoch time: 20.91 seconds 

Epoch 46
----------------------------
loss: 0.000048 [   64/ 8000]
loss: 0.000128 [ 1088/ 8000]
loss: 0.000035 [ 2112/ 8000]
loss: 0.000043 [ 3136/ 8000]
loss: 0.000270 [ 4160/ 8000]
loss: 0.000047 [ 5184/ 8000]
loss: 0.000263 [ 6208/ 8000]
loss: 0.000095 [ 7232/ 8000]
Validation Error: 
Accuracy: 99.1%, Avg loss: 0.008611, Positive ratio: 0.500000
Epoch time: 20.91 seconds 

Epoch 47
----------------------------
loss: 0.000051 [   64/ 8000]
loss: 0.000029 [ 1088/ 8000]
loss: 0.000139 [ 2112/ 8000]
loss: 0.000049 [ 3136/ 8000]
loss: 0.000051 [ 4160/ 8000]
loss: 0.000043 [ 5184/ 8000]
loss: 0.000013 [ 6208/ 8000]
loss: 0.000034 [ 7232/ 8000]
Validation Error: 
Accuracy: 99.2%, Avg loss: 0.008116, Positive ratio: 0.501000
Epoch time: 20.91 seconds 

Epoch 48
----------------------------
loss: 0.000028 [   64/ 8000]
loss: 0.000015 [ 1088/ 8000]
loss: 0.000013 [ 2112/ 8000]
loss: 0.000075 [ 3136/ 8000]
loss: 0.000018 [ 4160/ 8000]
loss: 0.000012 [ 5184/ 8000]
loss: 0.000031 [ 6208/ 8000]
loss: 0.000039 [ 7232/ 8000]
Validation Error: 
Accuracy: 99.2%, Avg loss: 0.008316, Positive ratio: 0.501000
Epoch time: 20.90 seconds 

Epoch 49
----------------------------
loss: 0.000026 [   64/ 8000]
loss: 0.000017 [ 1088/ 8000]
loss: 0.000048 [ 2112/ 8000]
loss: 0.000021 [ 3136/ 8000]
loss: 0.000017 [ 4160/ 8000]
loss: 0.000165 [ 5184/ 8000]
loss: 0.000022 [ 6208/ 8000]
loss: 0.000031 [ 7232/ 8000]
Validation Error: 
Accuracy: 99.2%, Avg loss: 0.008316, Positive ratio: 0.501000
Epoch time: 20.92 seconds 

Epoch 50
----------------------------
loss: 0.000032 [   64/ 8000]
loss: 0.000022 [ 1088/ 8000]
loss: 0.000075 [ 2112/ 8000]
loss: 0.000198 [ 3136/ 8000]
loss: 0.000020 [ 4160/ 8000]
loss: 0.000021 [ 5184/ 8000]
loss: 0.000026 [ 6208/ 8000]
loss: 0.000013 [ 7232/ 8000]
Validation Error: 
Accuracy: 99.2%, Avg loss: 0.008614, Positive ratio: 0.501000
Epoch time: 20.92 seconds 

Epoch 51
----------------------------
loss: 0.000060 [   64/ 8000]
loss: 0.000018 [ 1088/ 8000]
loss: 0.000026 [ 2112/ 8000]
loss: 0.000028 [ 3136/ 8000]
loss: 0.000026 [ 4160/ 8000]
loss: 0.000063 [ 5184/ 8000]
loss: 0.000089 [ 6208/ 8000]
loss: 0.000018 [ 7232/ 8000]
Validation Error: 
Accuracy: 99.2%, Avg loss: 0.008221, Positive ratio: 0.501000
Early stopping with minimum validation loss of 0.004953989088535309, max accuracy of 0.996
Done! Total training time: 17 minutes, 56.98 seconds, average epoch time: 1.08 seconds
